
> frontend@0.1.0 test /home/end0/CODE/moneyapp/frontend
> react-scripts test --env=jsdom

FAIL src/components/Loading.test.js
  ● Console

    console.error
      Warning: `ReactDOMTestUtils.act` is deprecated in favor of `React.act`. Import `act` from `react` instead of `react-dom/test-utils`. See https://react.dev/warnings/react-dom-test-utils for more info.

       7 | describe('Loading component', () => {
       8 |   test('renders loading spinner and text', () => {
    >  9 |     render(<Loading />);
         |           ^
      10 |
      11 |     // Проверка на наличие элемента с классом "loading-spinner"
      12 |     const spinner = screen.getByRole('status'); // используем роль status для спиннера

      at printWarning (node_modules/react-dom/cjs/react-dom-test-utils.development.js:71:30)
      at error (node_modules/react-dom/cjs/react-dom-test-utils.development.js:45:7)
      at actWithWarning (node_modules/react-dom/cjs/react-dom-test-utils.development.js:1736:7)
      at node_modules/@testing-library/react/dist/act-compat.js:63:25
      at renderRoot (node_modules/@testing-library/react/dist/pure.js:159:26)
      at render (node_modules/@testing-library/react/dist/pure.js:246:10)
      at Object.<anonymous> (src/components/Loading.test.js:9:11)

  ● Loading component › renders loading spinner and text

    TestingLibraryElementError: Unable to find an accessible element with the role "status"

    There are no accessible roles. But there might be some inaccessible roles. If you wish to access them, then set the `hidden` option to `true`. Learn more about this here: https://testing-library.com/docs/dom-testing-library/api-queries#byrole

    Ignored nodes: comments, script, style
    [36m<body>[39m
      [36m<div>[39m
        [36m<div[39m
          [33mclass[39m=[32m"loading-container"[39m
        [36m>[39m
          [36m<div[39m
            [33mclass[39m=[32m"loading-spinner"[39m
          [36m/>[39m
          [36m<p>[39m
            [0mЗагрузка...[0m
          [36m</p>[39m
        [36m</div>[39m
      [36m</div>[39m
    [36m</body>[39m

      10 |
      11 |     // Проверка на наличие элемента с классом "loading-spinner"
    > 12 |     const spinner = screen.getByRole('status'); // используем роль status для спиннера
         |                            ^
      13 |     expect(spinner).toBeInTheDocument();
      14 |
      15 |     // Проверка на наличие текста "Загрузка..."

      at Object.getElementError (node_modules/@testing-library/dom/dist/config.js:37:19)
      at node_modules/@testing-library/dom/dist/query-helpers.js:76:38
      at node_modules/@testing-library/dom/dist/query-helpers.js:52:17
      at getByRole (node_modules/@testing-library/dom/dist/query-helpers.js:95:19)
      at Object.<anonymous> (src/components/Loading.test.js:12:28)

FAIL src/components/AddTransaction.test.js
  ● Console

    console.error
      Warning: `ReactDOMTestUtils.act` is deprecated in favor of `React.act`. Import `act` from `react` instead of `react-dom/test-utils`. See https://react.dev/warnings/react-dom-test-utils for more info.

      31 |
      32 |   test('renders AddTransaction component and fetches categories', async () => {
    > 33 |     render(<AddTransaction />);
         |           ^
      34 |
      35 |     await waitFor(() => {
      36 |       expect(screen.getByText(/Сумма/i)).toBeInTheDocument();

      at printWarning (node_modules/react-dom/cjs/react-dom-test-utils.development.js:71:30)
      at error (node_modules/react-dom/cjs/react-dom-test-utils.development.js:45:7)
      at actWithWarning (node_modules/react-dom/cjs/react-dom-test-utils.development.js:1736:7)
      at node_modules/@testing-library/react/dist/act-compat.js:63:25
      at renderRoot (node_modules/@testing-library/react/dist/pure.js:159:26)
      at render (node_modules/@testing-library/react/dist/pure.js:246:10)
      at Object.<anonymous> (src/components/AddTransaction.test.js:33:11)

    console.error
      Warning: An update to AddTransaction inside a test was not wrapped in act(...).
      
      When testing, code that causes React state updates should be wrapped into act(...):
      
      act(() => {
        /* fire events that update state */
      });
      /* assert on the output */
      
      This ensures that you're testing the behavior the user would see in the browser. Learn more at https://reactjs.org/link/wrap-tests-with-act
          at AddTransaction (/home/end0/CODE/moneyapp/frontend/src/components/AddTransaction.js:6:49)

      17 |       try {
      18 |         const response = await axiosInstance.get('budget/api/categories/');
    > 19 |         setCategories(response.data);
         |         ^
      20 |       } catch (error) {
      21 |         console.error('Error fetching categories:', error);
      22 |         toast.error('Ошибка при загрузке категорий');

      at printWarning (node_modules/react-dom/cjs/react-dom.development.js:86:30)
      at error (node_modules/react-dom/cjs/react-dom.development.js:60:7)
      at warnIfUpdatesNotWrappedWithActDEV (node_modules/react-dom/cjs/react-dom.development.js:27628:9)
      at scheduleUpdateOnFiber (node_modules/react-dom/cjs/react-dom.development.js:25547:5)
      at setCategories (node_modules/react-dom/cjs/react-dom.development.js:16708:7)
      at fetchCategories (src/components/AddTransaction.js:19:9)

    console.error
      Warning: An update to AddTransaction inside a test was not wrapped in act(...).
      
      When testing, code that causes React state updates should be wrapped into act(...):
      
      act(() => {
        /* fire events that update state */
      });
      /* assert on the output */
      
      This ensures that you're testing the behavior the user would see in the browser. Learn more at https://reactjs.org/link/wrap-tests-with-act
          at AddTransaction (/home/end0/CODE/moneyapp/frontend/src/components/AddTransaction.js:6:49)

      17 |       try {
      18 |         const response = await axiosInstance.get('budget/api/categories/');
    > 19 |         setCategories(response.data);
         |         ^
      20 |       } catch (error) {
      21 |         console.error('Error fetching categories:', error);
      22 |         toast.error('Ошибка при загрузке категорий');

      at printWarning (node_modules/react-dom/cjs/react-dom.development.js:86:30)
      at error (node_modules/react-dom/cjs/react-dom.development.js:60:7)
      at warnIfUpdatesNotWrappedWithActDEV (node_modules/react-dom/cjs/react-dom.development.js:27628:9)
      at scheduleUpdateOnFiber (node_modules/react-dom/cjs/react-dom.development.js:25547:5)
      at setCategories (node_modules/react-dom/cjs/react-dom.development.js:16708:7)
      at fetchCategories (src/components/AddTransaction.js:19:9)

    console.error
      Warning: An update to AddTransaction inside a test was not wrapped in act(...).
      
      When testing, code that causes React state updates should be wrapped into act(...):
      
      act(() => {
        /* fire events that update state */
      });
      /* assert on the output */
      
      This ensures that you're testing the behavior the user would see in the browser. Learn more at https://reactjs.org/link/wrap-tests-with-act
          at AddTransaction (/home/end0/CODE/moneyapp/frontend/src/components/AddTransaction.js:6:49)

      17 |       try {
      18 |         const response = await axiosInstance.get('budget/api/categories/');
    > 19 |         setCategories(response.data);
         |         ^
      20 |       } catch (error) {
      21 |         console.error('Error fetching categories:', error);
      22 |         toast.error('Ошибка при загрузке категорий');

      at printWarning (node_modules/react-dom/cjs/react-dom.development.js:86:30)
      at error (node_modules/react-dom/cjs/react-dom.development.js:60:7)
      at warnIfUpdatesNotWrappedWithActDEV (node_modules/react-dom/cjs/react-dom.development.js:27628:9)
      at scheduleUpdateOnFiber (node_modules/react-dom/cjs/react-dom.development.js:25547:5)
      at setCategories (node_modules/react-dom/cjs/react-dom.development.js:16708:7)
      at fetchCategories (src/components/AddTransaction.js:19:9)

    console.error
      Warning: An update to AddTransaction inside a test was not wrapped in act(...).
      
      When testing, code that causes React state updates should be wrapped into act(...):
      
      act(() => {
        /* fire events that update state */
      });
      /* assert on the output */
      
      This ensures that you're testing the behavior the user would see in the browser. Learn more at https://reactjs.org/link/wrap-tests-with-act
          at AddTransaction (/home/end0/CODE/moneyapp/frontend/src/components/AddTransaction.js:6:49)

      17 |       try {
      18 |         const response = await axiosInstance.get('budget/api/categories/');
    > 19 |         setCategories(response.data);
         |         ^
      20 |       } catch (error) {
      21 |         console.error('Error fetching categories:', error);
      22 |         toast.error('Ошибка при загрузке категорий');

      at printWarning (node_modules/react-dom/cjs/react-dom.development.js:86:30)
      at error (node_modules/react-dom/cjs/react-dom.development.js:60:7)
      at warnIfUpdatesNotWrappedWithActDEV (node_modules/react-dom/cjs/react-dom.development.js:27628:9)
      at scheduleUpdateOnFiber (node_modules/react-dom/cjs/react-dom.development.js:25547:5)
      at setCategories (node_modules/react-dom/cjs/react-dom.development.js:16708:7)
      at fetchCategories (src/components/AddTransaction.js:19:9)

  ● AddTransaction component › renders AddTransaction component and fetches categories

    TestingLibraryElementError: Unable to find an accessible element with the role "combobox" and name `/Категория/i`

    Here are the accessible roles:

      spinbutton:

      Name "":
      [36m<input[39m
        [33mname[39m=[32m"amount"[39m
        [33mplaceholder[39m=[32m"Введите сумму"[39m
        [33mrequired[39m=[32m""[39m
        [33mstyle[39m=[32m"padding: 10px; border-radius: 4px; border: 1px solid #ffd700; background-color: rgb(28, 28, 28); color: rgb(255, 255, 255);"[39m
        [33mtype[39m=[32m"number"[39m
        [33mvalue[39m=[32m""[39m
      [36m/>[39m

      --------------------------------------------------
      textbox:

      Name "":
      [36m<input[39m
        [33mname[39m=[32m"description"[39m
        [33mplaceholder[39m=[32m"Введите описание"[39m
        [33mstyle[39m=[32m"padding: 10px; border-radius: 4px; border: 1px solid #ffd700; background-color: rgb(28, 28, 28); color: rgb(255, 255, 255);"[39m
        [33mtype[39m=[32m"text"[39m
        [33mvalue[39m=[32m""[39m
      [36m/>[39m

      --------------------------------------------------
      combobox:

      Name "":
      [36m<select[39m
        [33mname[39m=[32m"category"[39m
        [33mrequired[39m=[32m""[39m
        [33mstyle[39m=[32m"padding: 10px; border-radius: 4px; border: 1px solid #ffd700; background-color: rgb(28, 28, 28); color: rgb(255, 255, 255);"[39m
      [36m/>[39m

      --------------------------------------------------
      option:

      Name "Выберите категорию":
      [36m<option[39m
        [33mvalue[39m=[32m""[39m
      [36m/>[39m

      --------------------------------------------------
      button:

      Name "Добавить транзакцию":
      [36m<button[39m
        [33mstyle[39m=[32m"padding: 10px; background-color: rgb(255, 215, 0); color: rgb(28, 28, 28); border-radius: 4px; cursor: pointer;"[39m
        [33mtype[39m=[32m"submit"[39m
      [36m/>[39m

      --------------------------------------------------

    Ignored nodes: comments, script, style
    [36m<body>[39m
      [36m<div>[39m
        [36m<form[39m
          [33mstyle[39m=[32m"display: flex; flex-direction: column; gap: 15px; max-width: 400px; margin: 0px auto; padding: 20px; background-color: rgb(44, 44, 44); border-radius: 8px; box-shadow: 0 2px 4px rgba(255,215,0,0.1);"[39m
        [36m>[39m
          [36m<div[39m
            [33mstyle[39m=[32m"display: flex; flex-direction: column;"[39m
          [36m>[39m
            [36m<label[39m
              [33mstyle[39m=[32m"color: rgb(255, 215, 0); margin-bottom: 5px;"[39m
            [36m>[39m
              [0mСумма[0m
            [36m</label>[39m
            [36m<input[39m
              [33mname[39m=[32m"amount"[39m
              [33mplaceholder[39m=[32m"Введите сумму"[39m
              [33mrequired[39m=[32m""[39m
              [33mstyle[39m=[32m"padding: 10px; border-radius: 4px; border: 1px solid #ffd700; background-color: rgb(28, 28, 28); color: rgb(255, 255, 255);"[39m
              [33mtype[39m=[32m"number"[39m
              [33mvalue[39m=[32m""[39m
            [36m/>[39m
          [36m</div>[39m
          [36m<div[39m
            [33mstyle[39m=[32m"display: flex; flex-direction: column;"[39m
          [36m>[39m
            [36m<label[39m
              [33mstyle[39m=[32m"color: rgb(255, 215, 0); margin-bottom: 5px;"[39m
            [36m>[39m
              [0mДата[0m
            [36m</label>[39m
            [36m<input[39m
              [33mname[39m=[32m"date"[39m
              [33mrequired[39m=[32m""[39m
              [33mstyle[39m=[32m"padding: 10px; border-radius: 4px; border: 1px solid #ffd700; background-color: rgb(28, 28, 28); color: rgb(255, 255, 255);"[39m
              [33mtype[39m=[32m"date"[39m
              [33mvalue[39m=[32m""[39m
            [36m/>[39m
          [36m</div>[39m
          [36m<div[39m
            [33mstyle[39m=[32m"display: flex; flex-direction: column;"[39m
          [36m>[39m
            [36m<label[39m
              [33mstyle[39m=[32m"color: rgb(255, 215, 0); margin-bottom: 5px;"[39m
            [36m>[39m
              [0mОписание[0m
            [36m</label>[39m
            [36m<input[39m
              [33mname[39m=[32m"description"[39m
              [33mplaceholder[39m=[32m"Введите описание"[39m
              [33mstyle[39m=[32m"padding: 10px; border-radius: 4px; border: 1px solid #ffd700; background-color: rgb(28, 28, 28); color: rgb(255, 255, 255);"[39m
              [33mtype[39m=[32m"text"[39m
              [33mvalue[39m=[32m""[39m
            [36m/>[39m
          [36m</div>[39m
          [36m<div[39m
            [33mstyle[39m=[32m"display: flex; flex-direction: column;"[39m
          [36m>[39m
            [36m<label[39m
              [33mstyle[39m=[32m"color: rgb(255, 215, 0); margin-bottom: 5px;"[39m
            [36m>[39m
              [0mКатегория[0m
            [36m</label>[39m
            [36m<select[39m
              [33mname[39m=[32m"category"[39m
              [33mrequired[39m=[32m""[39m
              [33mstyle[39m=[32m"padding: 10px; border-radius: 4px; border: 1px solid #ffd700; background-color: rgb(28, 28, 28); color: rgb(255, 255, 255);"[39m
            [36m>[39m
              [36m<option[39m
                [33mvalue[39m=[32m""[39m
              [36m>[39m
                [0mВыберите категорию[0m
              [36m</option>[39m
            [36m</select>[39m
          [36m</div>[39m
          [36m<button[39m
            [33mstyle[39m=[32m"padding: 10px; background-color: rgb(255, 215, 0); color: rgb(28, 28, 28); border-radius: 4px; cursor: pointer;"[39m
            [33mtype[39m=[32m"submit"[39m
          [36m>[39m
            [0mДобавить транзакцию[0m
          [36m</button>[39m
        [36m</form>[39m
      [36m</div>[39m
    [36m</body>[39m

      38 |     });
      39 |
    > 40 |     expect(screen.getByRole('combobox', { name: /Категория/i })).toBeInTheDocument();
         |                   ^
      41 |     expect(screen.getByText(/Выберите категорию/i)).toBeInTheDocument();
      42 |   });
      43 |

      at Object.getElementError (node_modules/@testing-library/dom/dist/config.js:37:19)
      at node_modules/@testing-library/dom/dist/query-helpers.js:76:38
      at node_modules/@testing-library/dom/dist/query-helpers.js:52:17
      at getByRole (node_modules/@testing-library/dom/dist/query-helpers.js:95:19)
      at Object.<anonymous> (src/components/AddTransaction.test.js:40:19)

  ● AddTransaction component › handles input changes

    TestingLibraryElementError: Found a label with the text of: /Дата/i, however no form control was found associated to that label. Make sure you're using the "for" attribute or "aria-labelledby" attribute correctly.

    Ignored nodes: comments, script, style
    [36m<body>[39m
      [36m<div>[39m
        [36m<form[39m
          [33mstyle[39m=[32m"display: flex; flex-direction: column; gap: 15px; max-width: 400px; margin: 0px auto; padding: 20px; background-color: rgb(44, 44, 44); border-radius: 8px; box-shadow: 0 2px 4px rgba(255,215,0,0.1);"[39m
        [36m>[39m
          [36m<div[39m
            [33mstyle[39m=[32m"display: flex; flex-direction: column;"[39m
          [36m>[39m
            [36m<label[39m
              [33mstyle[39m=[32m"color: rgb(255, 215, 0); margin-bottom: 5px;"[39m
            [36m>[39m
              [0mСумма[0m
            [36m</label>[39m
            [36m<input[39m
              [33mname[39m=[32m"amount"[39m
              [33mplaceholder[39m=[32m"Введите сумму"[39m
              [33mrequired[39m=[32m""[39m
              [33mstyle[39m=[32m"padding: 10px; border-radius: 4px; border: 1px solid #ffd700; background-color: rgb(28, 28, 28); color: rgb(255, 255, 255);"[39m
              [33mtype[39m=[32m"number"[39m
              [33mvalue[39m=[32m"500"[39m
            [36m/>[39m
          [36m</div>[39m
          [36m<div[39m
            [33mstyle[39m=[32m"display: flex; flex-direction: column;"[39m
          [36m>[39m
            [36m<label[39m
              [33mstyle[39m=[32m"color: rgb(255, 215, 0); margin-bottom: 5px;"[39m
            [36m>[39m
              [0mДата[0m
            [36m</label>[39m
            [36m<input[39m
              [33mname[39m=[32m"date"[39m
              [33mrequired[39m=[32m""[39m
              [33mstyle[39m=[32m"padding: 10px; border-radius: 4px; border: 1px solid #ffd700; background-color: rgb(28, 28, 28); color: rgb(255, 255, 255);"[39m
              [33mtype[39m=[32m"date"[39m
              [33mvalue[39m=[32m""[39m
            [36m/>[39m
          [36m</div>[39m
          [36m<div[39m
            [33mstyle[39m=[32m"display: flex; flex-direction: column;"[39m
          [36m>[39m
            [36m<label[39m
              [33mstyle[39m=[32m"color: rgb(255, 215, 0); margin-bottom: 5px;"[39m
            [36m>[39m
              [0mОписание[0m
            [36m</label>[39m
            [36m<input[39m
              [33mname[39m=[32m"description"[39m
              [33mplaceholder[39m=[32m"Введите описание"[39m
              [33mstyle[39m=[32m"padding: 10px; border-radius: 4px; border: 1px solid #ffd700; background-color: rgb(28, 28, 28); color: rgb(255, 255, 255);"[39m
              [33mtype[39m=[32m"text"[39m
              [33mvalue[39m=[32m"Test transaction"[39m
            [36m/>[39m
          [36m</div>[39m
          [36m<div[39m
            [33mstyle[39m=[32m"display: flex; flex-direction: column;"[39m
          [36m>[39m
            [36m<label[39m
              [33mstyle[39m=[32m"color: rgb(255, 215, 0); margin-bottom: 5px;"[39m
            [36m>[39m
              [0mКатегория[0m
            [36m</label>[39m
            [36m<select[39m
              [33mname[39m=[32m"category"[39m
              [33mrequired[39m=[32m""[39m
              [33mstyle[39m=[32m"padding: 10px; border-radius: 4px; border: 1px solid #ffd700; background-color: rgb(28, 28, 28); color: rgb(255, 255, 255);"[39m
            [36m>[39m
              [36m<option[39m
                [33mvalue[39m=[32m""[39m
              [36m>[39m
                [0mВыберите категорию[0m
              [36m</option>[39m
            [36m</select>[39m
          [36m</div>[39m
          [36m<button[39m
            [33mstyle[39m=[32m"padding: 10px; background-color: rgb(255, 215, 0); color: rgb(28, 28, 28); border-radius: 4px; cursor: pointer;"[39m
            [33mtype[39m=[32m"submit"[39m
          [36m>[39m
            [0mДобавить транзакцию[0m
          [36m</button>[39m
        [36m</form>[39m
      [36m</div>[39m
    [36m</body>[39m

      51 |     fireEvent.change(screen.getByPlaceholderText(/Введите сумму/i), { target: { value: '500' } });
      52 |     fireEvent.change(screen.getByPlaceholderText(/Введите описание/i), { target: { value: 'Test transaction' } });
    > 53 |     fireEvent.change(screen.getByLabelText(/Дата/i), { target: { value: '2023-09-10' } });
         |                             ^
      54 |     fireEvent.change(screen.getByRole('combobox', { name: /Категория/i }), { target: { value: '1' } });
      55 |
      56 |     expect(screen.getByPlaceholderText(/Введите сумму/i).value).toBe('500');

      at Object.getElementError (node_modules/@testing-library/dom/dist/config.js:37:19)
      at getAllByLabelText (node_modules/@testing-library/dom/dist/queries/label-text.js:100:40)
      at node_modules/@testing-library/dom/dist/query-helpers.js:52:17
      at getByLabelText (node_modules/@testing-library/dom/dist/query-helpers.js:95:19)
      at Object.<anonymous> (src/components/AddTransaction.test.js:53:29)

  ● AddTransaction component › submits the transaction form

    TestingLibraryElementError: Found a label with the text of: /Дата/i, however no form control was found associated to that label. Make sure you're using the "for" attribute or "aria-labelledby" attribute correctly.

    Ignored nodes: comments, script, style
    [36m<body>[39m
      [36m<div>[39m
        [36m<form[39m
          [33mstyle[39m=[32m"display: flex; flex-direction: column; gap: 15px; max-width: 400px; margin: 0px auto; padding: 20px; background-color: rgb(44, 44, 44); border-radius: 8px; box-shadow: 0 2px 4px rgba(255,215,0,0.1);"[39m
        [36m>[39m
          [36m<div[39m
            [33mstyle[39m=[32m"display: flex; flex-direction: column;"[39m
          [36m>[39m
            [36m<label[39m
              [33mstyle[39m=[32m"color: rgb(255, 215, 0); margin-bottom: 5px;"[39m
            [36m>[39m
              [0mСумма[0m
            [36m</label>[39m
            [36m<input[39m
              [33mname[39m=[32m"amount"[39m
              [33mplaceholder[39m=[32m"Введите сумму"[39m
              [33mrequired[39m=[32m""[39m
              [33mstyle[39m=[32m"padding: 10px; border-radius: 4px; border: 1px solid #ffd700; background-color: rgb(28, 28, 28); color: rgb(255, 255, 255);"[39m
              [33mtype[39m=[32m"number"[39m
              [33mvalue[39m=[32m"500"[39m
            [36m/>[39m
          [36m</div>[39m
          [36m<div[39m
            [33mstyle[39m=[32m"display: flex; flex-direction: column;"[39m
          [36m>[39m
            [36m<label[39m
              [33mstyle[39m=[32m"color: rgb(255, 215, 0); margin-bottom: 5px;"[39m
            [36m>[39m
              [0mДата[0m
            [36m</label>[39m
            [36m<input[39m
              [33mname[39m=[32m"date"[39m
              [33mrequired[39m=[32m""[39m
              [33mstyle[39m=[32m"padding: 10px; border-radius: 4px; border: 1px solid #ffd700; background-color: rgb(28, 28, 28); color: rgb(255, 255, 255);"[39m
              [33mtype[39m=[32m"date"[39m
              [33mvalue[39m=[32m""[39m
            [36m/>[39m
          [36m</div>[39m
          [36m<div[39m
            [33mstyle[39m=[32m"display: flex; flex-direction: column;"[39m
          [36m>[39m
            [36m<label[39m
              [33mstyle[39m=[32m"color: rgb(255, 215, 0); margin-bottom: 5px;"[39m
            [36m>[39m
              [0mОписание[0m
            [36m</label>[39m
            [36m<input[39m
              [33mname[39m=[32m"description"[39m
              [33mplaceholder[39m=[32m"Введите описание"[39m
              [33mstyle[39m=[32m"padding: 10px; border-radius: 4px; border: 1px solid #ffd700; background-color: rgb(28, 28, 28); color: rgb(255, 255, 255);"[39m
              [33mtype[39m=[32m"text"[39m
              [33mvalue[39m=[32m"Test transaction"[39m
            [36m/>[39m
          [36m</div>[39m
          [36m<div[39m
            [33mstyle[39m=[32m"display: flex; flex-direction: column;"[39m
          [36m>[39m
            [36m<label[39m
              [33mstyle[39m=[32m"color: rgb(255, 215, 0); margin-bottom: 5px;"[39m
            [36m>[39m
              [0mКатегория[0m
            [36m</label>[39m
            [36m<select[39m
              [33mname[39m=[32m"category"[39m
              [33mrequired[39m=[32m""[39m
              [33mstyle[39m=[32m"padding: 10px; border-radius: 4px; border: 1px solid #ffd700; background-color: rgb(28, 28, 28); color: rgb(255, 255, 255);"[39m
            [36m>[39m
              [36m<option[39m
                [33mvalue[39m=[32m""[39m
              [36m>[39m
                [0mВыберите категорию[0m
              [36m</option>[39m
            [36m</select>[39m
          [36m</div>[39m
          [36m<button[39m
            [33mstyle[39m=[32m"padding: 10px; background-color: rgb(255, 215, 0); color: rgb(28, 28, 28); border-radius: 4px; cursor: pointer;"[39m
            [33mtype[39m=[32m"submit"[39m
          [36m>[39m
            [0mДобавить транзакцию[0m
          [36m</button>[39m
        [36m</form>[39m
      [36m</div>[39m
    [36m</body>[39m

      71 |     fireEvent.change(screen.getByPlaceholderText(/Введите сумму/i), { target: { value: '500' } });
      72 |     fireEvent.change(screen.getByPlaceholderText(/Введите описание/i), { target: { value: 'Test transaction' } });
    > 73 |     fireEvent.change(screen.getByLabelText(/Дата/i), { target: { value: '2023-09-10' } });
         |                             ^
      74 |     fireEvent.change(screen.getByRole('combobox', { name: /Категория/i }), { target: { value: '1' } });
      75 |
      76 |     fireEvent.click(screen.getByText(/Добавить транзакцию/i));

      at Object.getElementError (node_modules/@testing-library/dom/dist/config.js:37:19)
      at getAllByLabelText (node_modules/@testing-library/dom/dist/queries/label-text.js:100:40)
      at node_modules/@testing-library/dom/dist/query-helpers.js:52:17
      at getByLabelText (node_modules/@testing-library/dom/dist/query-helpers.js:95:19)
      at Object.<anonymous> (src/components/AddTransaction.test.js:73:29)

  ● AddTransaction component › handles API error when adding a transaction

    TestingLibraryElementError: Found a label with the text of: /Дата/i, however no form control was found associated to that label. Make sure you're using the "for" attribute or "aria-labelledby" attribute correctly.

    Ignored nodes: comments, script, style
    [36m<body>[39m
      [36m<div>[39m
        [36m<form[39m
          [33mstyle[39m=[32m"display: flex; flex-direction: column; gap: 15px; max-width: 400px; margin: 0px auto; padding: 20px; background-color: rgb(44, 44, 44); border-radius: 8px; box-shadow: 0 2px 4px rgba(255,215,0,0.1);"[39m
        [36m>[39m
          [36m<div[39m
            [33mstyle[39m=[32m"display: flex; flex-direction: column;"[39m
          [36m>[39m
            [36m<label[39m
              [33mstyle[39m=[32m"color: rgb(255, 215, 0); margin-bottom: 5px;"[39m
            [36m>[39m
              [0mСумма[0m
            [36m</label>[39m
            [36m<input[39m
              [33mname[39m=[32m"amount"[39m
              [33mplaceholder[39m=[32m"Введите сумму"[39m
              [33mrequired[39m=[32m""[39m
              [33mstyle[39m=[32m"padding: 10px; border-radius: 4px; border: 1px solid #ffd700; background-color: rgb(28, 28, 28); color: rgb(255, 255, 255);"[39m
              [33mtype[39m=[32m"number"[39m
              [33mvalue[39m=[32m"500"[39m
            [36m/>[39m
          [36m</div>[39m
          [36m<div[39m
            [33mstyle[39m=[32m"display: flex; flex-direction: column;"[39m
          [36m>[39m
            [36m<label[39m
              [33mstyle[39m=[32m"color: rgb(255, 215, 0); margin-bottom: 5px;"[39m
            [36m>[39m
              [0mДата[0m
            [36m</label>[39m
            [36m<input[39m
              [33mname[39m=[32m"date"[39m
              [33mrequired[39m=[32m""[39m
              [33mstyle[39m=[32m"padding: 10px; border-radius: 4px; border: 1px solid #ffd700; background-color: rgb(28, 28, 28); color: rgb(255, 255, 255);"[39m
              [33mtype[39m=[32m"date"[39m
              [33mvalue[39m=[32m""[39m
            [36m/>[39m
          [36m</div>[39m
          [36m<div[39m
            [33mstyle[39m=[32m"display: flex; flex-direction: column;"[39m
          [36m>[39m
            [36m<label[39m
              [33mstyle[39m=[32m"color: rgb(255, 215, 0); margin-bottom: 5px;"[39m
            [36m>[39m
              [0mОписание[0m
            [36m</label>[39m
            [36m<input[39m
              [33mname[39m=[32m"description"[39m
              [33mplaceholder[39m=[32m"Введите описание"[39m
              [33mstyle[39m=[32m"padding: 10px; border-radius: 4px; border: 1px solid #ffd700; background-color: rgb(28, 28, 28); color: rgb(255, 255, 255);"[39m
              [33mtype[39m=[32m"text"[39m
              [33mvalue[39m=[32m"Test transaction"[39m
            [36m/>[39m
          [36m</div>[39m
          [36m<div[39m
            [33mstyle[39m=[32m"display: flex; flex-direction: column;"[39m
          [36m>[39m
            [36m<label[39m
              [33mstyle[39m=[32m"color: rgb(255, 215, 0); margin-bottom: 5px;"[39m
            [36m>[39m
              [0mКатегория[0m
            [36m</label>[39m
            [36m<select[39m
              [33mname[39m=[32m"category"[39m
              [33mrequired[39m=[32m""[39m
              [33mstyle[39m=[32m"padding: 10px; border-radius: 4px; border: 1px solid #ffd700; background-color: rgb(28, 28, 28); color: rgb(255, 255, 255);"[39m
            [36m>[39m
              [36m<option[39m
                [33mvalue[39m=[32m""[39m
              [36m>[39m
                [0mВыберите категорию[0m
              [36m</option>[39m
            [36m</select>[39m
          [36m</div>[39m
          [36m<button[39m
            [33mstyle[39m=[32m"padding: 10px; background-color: rgb(255, 215, 0); color: rgb(28, 28, 28); border-radius: 4px; cursor: pointer;"[39m
            [33mtype[39m=[32m"submit"[39m
          [36m>[39m
            [0mДобавить транзакцию[0m
          [36m</button>[39m
        [36m</form>[39m
      [36m</div>[39m
    [36m</body>[39m

       98 |     fireEvent.change(screen.getByPlaceholderText(/Введите сумму/i), { target: { value: '500' } });
       99 |     fireEvent.change(screen.getByPlaceholderText(/Введите описание/i), { target: { value: 'Test transaction' } });
    > 100 |     fireEvent.change(screen.getByLabelText(/Дата/i), { target: { value: '2023-09-10' } });
          |                             ^
      101 |     fireEvent.change(screen.getByRole('combobox', { name: /Категория/i }), { target: { value: '1' } });
      102 |
      103 |     fireEvent.click(screen.getByText(/Добавить транзакцию/i));

      at Object.getElementError (node_modules/@testing-library/dom/dist/config.js:37:19)
      at getAllByLabelText (node_modules/@testing-library/dom/dist/queries/label-text.js:100:40)
      at node_modules/@testing-library/dom/dist/query-helpers.js:52:17
      at getByLabelText (node_modules/@testing-library/dom/dist/query-helpers.js:95:19)
      at Object.<anonymous> (src/components/AddTransaction.test.js:100:29)

FAIL src/components/AddBudget.test.js
  ● Console

    console.error
      Warning: `ReactDOMTestUtils.act` is deprecated in favor of `React.act`. Import `act` from `react` instead of `react-dom/test-utils`. See https://react.dev/warnings/react-dom-test-utils for more info.

      36 |
      37 |   test('renders AddBudget component and fetches categories and users', async () => {
    > 38 |     render(<AddBudget />);
         |           ^
      39 |
      40 |     await waitFor(() => {
      41 |       expect(screen.getByText(/Категория/i)).toBeInTheDocument();

      at printWarning (node_modules/react-dom/cjs/react-dom-test-utils.development.js:71:30)
      at error (node_modules/react-dom/cjs/react-dom-test-utils.development.js:45:7)
      at actWithWarning (node_modules/react-dom/cjs/react-dom-test-utils.development.js:1736:7)
      at node_modules/@testing-library/react/dist/act-compat.js:63:25
      at renderRoot (node_modules/@testing-library/react/dist/pure.js:159:26)
      at render (node_modules/@testing-library/react/dist/pure.js:246:10)
      at Object.<anonymous> (src/components/AddBudget.test.js:38:11)

    console.error
      Warning: An update to AddBudget inside a test was not wrapped in act(...).
      
      When testing, code that causes React state updates should be wrapped into act(...):
      
      act(() => {
        /* fire events that update state */
      });
      /* assert on the output */
      
      This ensures that you're testing the behavior the user would see in the browser. Learn more at https://reactjs.org/link/wrap-tests-with-act
          at AddBudget (/home/end0/CODE/moneyapp/frontend/src/components/AddBudget.js:5:39)

      21 |     Promise.all([fetchCategories, fetchUsers])
      22 |       .then(([categoriesResponse, usersResponse]) => {
    > 23 |         setCategories(categoriesResponse.data);
         |         ^
      24 |         setUsers(usersResponse.data);
      25 |       })
      26 |       .catch(error => {

      at printWarning (node_modules/react-dom/cjs/react-dom.development.js:86:30)
      at error (node_modules/react-dom/cjs/react-dom.development.js:60:7)
      at warnIfUpdatesNotWrappedWithActDEV (node_modules/react-dom/cjs/react-dom.development.js:27628:9)
      at scheduleUpdateOnFiber (node_modules/react-dom/cjs/react-dom.development.js:25547:5)
      at setCategories (node_modules/react-dom/cjs/react-dom.development.js:16708:7)
      at src/components/AddBudget.js:23:9

    console.error
      Warning: An update to AddBudget inside a test was not wrapped in act(...).
      
      When testing, code that causes React state updates should be wrapped into act(...):
      
      act(() => {
        /* fire events that update state */
      });
      /* assert on the output */
      
      This ensures that you're testing the behavior the user would see in the browser. Learn more at https://reactjs.org/link/wrap-tests-with-act
          at AddBudget (/home/end0/CODE/moneyapp/frontend/src/components/AddBudget.js:5:39)

      22 |       .then(([categoriesResponse, usersResponse]) => {
      23 |         setCategories(categoriesResponse.data);
    > 24 |         setUsers(usersResponse.data);
         |         ^
      25 |       })
      26 |       .catch(error => {
      27 |         console.error('Error fetching data:', error);

      at printWarning (node_modules/react-dom/cjs/react-dom.development.js:86:30)
      at error (node_modules/react-dom/cjs/react-dom.development.js:60:7)
      at warnIfUpdatesNotWrappedWithActDEV (node_modules/react-dom/cjs/react-dom.development.js:27628:9)
      at scheduleUpdateOnFiber (node_modules/react-dom/cjs/react-dom.development.js:25547:5)
      at setUsers (node_modules/react-dom/cjs/react-dom.development.js:16708:7)
      at src/components/AddBudget.js:24:9

    console.error
      Warning: An update to AddBudget inside a test was not wrapped in act(...).
      
      When testing, code that causes React state updates should be wrapped into act(...):
      
      act(() => {
        /* fire events that update state */
      });
      /* assert on the output */
      
      This ensures that you're testing the behavior the user would see in the browser. Learn more at https://reactjs.org/link/wrap-tests-with-act
          at AddBudget (/home/end0/CODE/moneyapp/frontend/src/components/AddBudget.js:5:39)

      21 |     Promise.all([fetchCategories, fetchUsers])
      22 |       .then(([categoriesResponse, usersResponse]) => {
    > 23 |         setCategories(categoriesResponse.data);
         |         ^
      24 |         setUsers(usersResponse.data);
      25 |       })
      26 |       .catch(error => {

      at printWarning (node_modules/react-dom/cjs/react-dom.development.js:86:30)
      at error (node_modules/react-dom/cjs/react-dom.development.js:60:7)
      at warnIfUpdatesNotWrappedWithActDEV (node_modules/react-dom/cjs/react-dom.development.js:27628:9)
      at scheduleUpdateOnFiber (node_modules/react-dom/cjs/react-dom.development.js:25547:5)
      at setCategories (node_modules/react-dom/cjs/react-dom.development.js:16708:7)
      at src/components/AddBudget.js:23:9

    console.error
      Warning: An update to AddBudget inside a test was not wrapped in act(...).
      
      When testing, code that causes React state updates should be wrapped into act(...):
      
      act(() => {
        /* fire events that update state */
      });
      /* assert on the output */
      
      This ensures that you're testing the behavior the user would see in the browser. Learn more at https://reactjs.org/link/wrap-tests-with-act
          at AddBudget (/home/end0/CODE/moneyapp/frontend/src/components/AddBudget.js:5:39)

      22 |       .then(([categoriesResponse, usersResponse]) => {
      23 |         setCategories(categoriesResponse.data);
    > 24 |         setUsers(usersResponse.data);
         |         ^
      25 |       })
      26 |       .catch(error => {
      27 |         console.error('Error fetching data:', error);

      at printWarning (node_modules/react-dom/cjs/react-dom.development.js:86:30)
      at error (node_modules/react-dom/cjs/react-dom.development.js:60:7)
      at warnIfUpdatesNotWrappedWithActDEV (node_modules/react-dom/cjs/react-dom.development.js:27628:9)
      at scheduleUpdateOnFiber (node_modules/react-dom/cjs/react-dom.development.js:25547:5)
      at setUsers (node_modules/react-dom/cjs/react-dom.development.js:16708:7)
      at src/components/AddBudget.js:24:9

    console.error
      Warning: An update to AddBudget inside a test was not wrapped in act(...).
      
      When testing, code that causes React state updates should be wrapped into act(...):
      
      act(() => {
        /* fire events that update state */
      });
      /* assert on the output */
      
      This ensures that you're testing the behavior the user would see in the browser. Learn more at https://reactjs.org/link/wrap-tests-with-act
          at AddBudget (/home/end0/CODE/moneyapp/frontend/src/components/AddBudget.js:5:39)

      21 |     Promise.all([fetchCategories, fetchUsers])
      22 |       .then(([categoriesResponse, usersResponse]) => {
    > 23 |         setCategories(categoriesResponse.data);
         |         ^
      24 |         setUsers(usersResponse.data);
      25 |       })
      26 |       .catch(error => {

      at printWarning (node_modules/react-dom/cjs/react-dom.development.js:86:30)
      at error (node_modules/react-dom/cjs/react-dom.development.js:60:7)
      at warnIfUpdatesNotWrappedWithActDEV (node_modules/react-dom/cjs/react-dom.development.js:27628:9)
      at scheduleUpdateOnFiber (node_modules/react-dom/cjs/react-dom.development.js:25547:5)
      at setCategories (node_modules/react-dom/cjs/react-dom.development.js:16708:7)
      at src/components/AddBudget.js:23:9

    console.error
      Warning: An update to AddBudget inside a test was not wrapped in act(...).
      
      When testing, code that causes React state updates should be wrapped into act(...):
      
      act(() => {
        /* fire events that update state */
      });
      /* assert on the output */
      
      This ensures that you're testing the behavior the user would see in the browser. Learn more at https://reactjs.org/link/wrap-tests-with-act
          at AddBudget (/home/end0/CODE/moneyapp/frontend/src/components/AddBudget.js:5:39)

      22 |       .then(([categoriesResponse, usersResponse]) => {
      23 |         setCategories(categoriesResponse.data);
    > 24 |         setUsers(usersResponse.data);
         |         ^
      25 |       })
      26 |       .catch(error => {
      27 |         console.error('Error fetching data:', error);

      at printWarning (node_modules/react-dom/cjs/react-dom.development.js:86:30)
      at error (node_modules/react-dom/cjs/react-dom.development.js:60:7)
      at warnIfUpdatesNotWrappedWithActDEV (node_modules/react-dom/cjs/react-dom.development.js:27628:9)
      at scheduleUpdateOnFiber (node_modules/react-dom/cjs/react-dom.development.js:25547:5)
      at setUsers (node_modules/react-dom/cjs/react-dom.development.js:16708:7)
      at src/components/AddBudget.js:24:9

    console.error
      Warning: An update to AddBudget inside a test was not wrapped in act(...).
      
      When testing, code that causes React state updates should be wrapped into act(...):
      
      act(() => {
        /* fire events that update state */
      });
      /* assert on the output */
      
      This ensures that you're testing the behavior the user would see in the browser. Learn more at https://reactjs.org/link/wrap-tests-with-act
          at AddBudget (/home/end0/CODE/moneyapp/frontend/src/components/AddBudget.js:5:39)

      21 |     Promise.all([fetchCategories, fetchUsers])
      22 |       .then(([categoriesResponse, usersResponse]) => {
    > 23 |         setCategories(categoriesResponse.data);
         |         ^
      24 |         setUsers(usersResponse.data);
      25 |       })
      26 |       .catch(error => {

      at printWarning (node_modules/react-dom/cjs/react-dom.development.js:86:30)
      at error (node_modules/react-dom/cjs/react-dom.development.js:60:7)
      at warnIfUpdatesNotWrappedWithActDEV (node_modules/react-dom/cjs/react-dom.development.js:27628:9)
      at scheduleUpdateOnFiber (node_modules/react-dom/cjs/react-dom.development.js:25547:5)
      at setCategories (node_modules/react-dom/cjs/react-dom.development.js:16708:7)
      at src/components/AddBudget.js:23:9

    console.error
      Warning: An update to AddBudget inside a test was not wrapped in act(...).
      
      When testing, code that causes React state updates should be wrapped into act(...):
      
      act(() => {
        /* fire events that update state */
      });
      /* assert on the output */
      
      This ensures that you're testing the behavior the user would see in the browser. Learn more at https://reactjs.org/link/wrap-tests-with-act
          at AddBudget (/home/end0/CODE/moneyapp/frontend/src/components/AddBudget.js:5:39)

      22 |       .then(([categoriesResponse, usersResponse]) => {
      23 |         setCategories(categoriesResponse.data);
    > 24 |         setUsers(usersResponse.data);
         |         ^
      25 |       })
      26 |       .catch(error => {
      27 |         console.error('Error fetching data:', error);

      at printWarning (node_modules/react-dom/cjs/react-dom.development.js:86:30)
      at error (node_modules/react-dom/cjs/react-dom.development.js:60:7)
      at warnIfUpdatesNotWrappedWithActDEV (node_modules/react-dom/cjs/react-dom.development.js:27628:9)
      at scheduleUpdateOnFiber (node_modules/react-dom/cjs/react-dom.development.js:25547:5)
      at setUsers (node_modules/react-dom/cjs/react-dom.development.js:16708:7)
      at src/components/AddBudget.js:24:9

  ● AddBudget component › renders AddBudget component and fetches categories and users

    TestingLibraryElementError: Unable to find an accessible element with the role "combobox" and name `/Категория/i`

    Here are the accessible roles:

      combobox:

      Name "":
      [36m<select[39m
        [33mname[39m=[32m"category"[39m
        [33mrequired[39m=[32m""[39m
        [33mstyle[39m=[32m"padding: 10px; border-radius: 4px; border: 1px solid #ffd700; background-color: rgb(28, 28, 28); color: rgb(255, 255, 255);"[39m
      [36m/>[39m

      Name "":
      [36m<select[39m
        [33mname[39m=[32m"user"[39m
        [33mrequired[39m=[32m""[39m
        [33mstyle[39m=[32m"padding: 10px; border-radius: 4px; border: 1px solid #ffd700; background-color: rgb(28, 28, 28); color: rgb(255, 255, 255);"[39m
      [36m/>[39m

      --------------------------------------------------
      option:

      Name "Выберите категорию":
      [36m<option[39m
        [33mvalue[39m=[32m""[39m
      [36m/>[39m

      Name "Выберите пользователя":
      [36m<option[39m
        [33mvalue[39m=[32m""[39m
      [36m/>[39m

      --------------------------------------------------
      spinbutton:

      Name "":
      [36m<input[39m
        [33mname[39m=[32m"amount"[39m
        [33mplaceholder[39m=[32m"Сумма"[39m
        [33mrequired[39m=[32m""[39m
        [33mstyle[39m=[32m"padding: 10px; border-radius: 4px; border: 1px solid #ffd700; background-color: rgb(28, 28, 28); color: rgb(255, 255, 255);"[39m
        [33mtype[39m=[32m"number"[39m
        [33mvalue[39m=[32m""[39m
      [36m/>[39m

      --------------------------------------------------
      button:

      Name "Добавить бюджет":
      [36m<button[39m
        [33mstyle[39m=[32m"padding: 10px; background-color: rgb(255, 215, 0); color: rgb(28, 28, 28); border-radius: 4px; cursor: pointer;"[39m
        [33mtype[39m=[32m"submit"[39m
      [36m/>[39m

      --------------------------------------------------

    Ignored nodes: comments, script, style
    [36m<body>[39m
      [36m<div>[39m
        [36m<form[39m
          [33mstyle[39m=[32m"display: flex; flex-direction: column; gap: 15px; max-width: 400px; margin: 0px auto; padding: 20px; background-color: rgb(44, 44, 44); border-radius: 8px; box-shadow: 0 2px 4px rgba(255,215,0,0.1);"[39m
        [36m>[39m
          [36m<div[39m
            [33mstyle[39m=[32m"display: flex; flex-direction: column;"[39m
          [36m>[39m
            [36m<label[39m
              [33mstyle[39m=[32m"color: rgb(255, 215, 0); margin-bottom: 5px;"[39m
            [36m>[39m
              [0mКатегория[0m
            [36m</label>[39m
            [36m<select[39m
              [33mname[39m=[32m"category"[39m
              [33mrequired[39m=[32m""[39m
              [33mstyle[39m=[32m"padding: 10px; border-radius: 4px; border: 1px solid #ffd700; background-color: rgb(28, 28, 28); color: rgb(255, 255, 255);"[39m
            [36m>[39m
              [36m<option[39m
                [33mvalue[39m=[32m""[39m
              [36m>[39m
                [0mВыберите категорию[0m
              [36m</option>[39m
            [36m</select>[39m
          [36m</div>[39m
          [36m<div[39m
            [33mstyle[39m=[32m"display: flex; flex-direction: column;"[39m
          [36m>[39m
            [36m<label[39m
              [33mstyle[39m=[32m"color: rgb(255, 215, 0); margin-bottom: 5px;"[39m
            [36m>[39m
              [0mСумма[0m
            [36m</label>[39m
            [36m<input[39m
              [33mname[39m=[32m"amount"[39m
              [33mplaceholder[39m=[32m"Сумма"[39m
              [33mrequired[39m=[32m""[39m
              [33mstyle[39m=[32m"padding: 10px; border-radius: 4px; border: 1px solid #ffd700; background-color: rgb(28, 28, 28); color: rgb(255, 255, 255);"[39m
              [33mtype[39m=[32m"number"[39m
              [33mvalue[39m=[32m""[39m
            [36m/>[39m
          [36m</div>[39m
          [36m<div[39m
            [33mstyle[39m=[32m"display: flex; flex-direction: column;"[39m
          [36m>[39m
            [36m<label[39m
              [33mstyle[39m=[32m"color: rgb(255, 215, 0); margin-bottom: 5px;"[39m
            [36m>[39m
              [0mДата начала[0m
            [36m</label>[39m
            [36m<input[39m
              [33mname[39m=[32m"start_date"[39m
              [33mrequired[39m=[32m""[39m
              [33mstyle[39m=[32m"padding: 10px; border-radius: 4px; border: 1px solid #ffd700; background-color: rgb(28, 28, 28); color: rgb(255, 255, 255);"[39m
              [33mtype[39m=[32m"date"[39m
              [33mvalue[39m=[32m""[39m
            [36m/>[39m
          [36m</div>[39m
          [36m<div[39m
            [33mstyle[39m=[32m"display: flex; flex-direction: column;"[39m
          [36m>[39m
            [36m<label[39m
              [33mstyle[39m=[32m"color: rgb(255, 215, 0); margin-bottom: 5px;"[39m
            [36m>[39m
              [0mДата окончания[0m
            [36m</label>[39m
            [36m<input[39m
              [33mname[39m=[32m"end_date"[39m
              [33mrequired[39m=[32m""[39m
              [33mstyle[39m=[32m"padding: 10px; border-radius: 4px; border: 1px solid #ffd700; background-color: rgb(28, 28, 28); color: rgb(255, 255, 255);"[39m
              [33mtype[39m=[32m"date"[39m
              [33mvalue[39m=[32m""[39m
            [36m/>[39m
          [36m</div>[39m
          [36m<div[39m
            [33mstyle[39m=[32m"display: flex; flex-direction: column;"[39m
          [36m>[39m
            [36m<label[39m
              [33mstyle[39m=[32m"color: rgb(255, 215, 0); margin-bottom: 5px;"[39m
            [36m>[39m
              [0mПользователь[0m
            [36m</label>[39m
            [36m<select[39m
              [33mname[39m=[32m"user"[39m
              [33mrequired[39m=[32m""[39m
              [33mstyle[39m=[32m"padding: 10px; border-radius: 4px; border: 1px solid #ffd700; background-color: rgb(28, 28, 28); color: rgb(255, 255, 255);"[39m
            [36m>[39m
              [36m<option[39m
                [33mvalue[39m=[32m""[39m
              [36m>[39m
                [0mВыберите пользователя[0m
              [36m</option>[39m
            [36m</select>[39m
          [36m</div>[39m
          [36m<button[39m
            [33mstyle[39m=[32m"padding: 10px; background-color: rgb(255, 215, 0); color: rgb(28, 28, 28); border-radius: 4px; cursor: pointer;"[39m
            [33mtype[39m=[32m"submit"[39m
          [36m>[39m
            [0mДобавить бюджет[0m
          [36m</button>[39m
        [36m</form>[39m
      [36m</div>[39m
    [36m</body>[39m

      43 |     });
      44 |
    > 45 |     expect(screen.getByRole('combobox', { name: /Категория/i })).toBeInTheDocument();
         |                   ^
      46 |     expect(screen.getByRole('combobox', { name: /Пользователь/i })).toBeInTheDocument();
      47 |
      48 |     expect(screen.getByText(/Выберите категорию/i)).toBeInTheDocument();

      at Object.getElementError (node_modules/@testing-library/dom/dist/config.js:37:19)
      at node_modules/@testing-library/dom/dist/query-helpers.js:76:38
      at node_modules/@testing-library/dom/dist/query-helpers.js:52:17
      at getByRole (node_modules/@testing-library/dom/dist/query-helpers.js:95:19)
      at Object.<anonymous> (src/components/AddBudget.test.js:45:19)

  ● AddBudget component › handles input changes

    TestingLibraryElementError: Found a label with the text of: /Категория/i, however no form control was found associated to that label. Make sure you're using the "for" attribute or "aria-labelledby" attribute correctly.

    Ignored nodes: comments, script, style
    [36m<body>[39m
      [36m<div>[39m
        [36m<form[39m
          [33mstyle[39m=[32m"display: flex; flex-direction: column; gap: 15px; max-width: 400px; margin: 0px auto; padding: 20px; background-color: rgb(44, 44, 44); border-radius: 8px; box-shadow: 0 2px 4px rgba(255,215,0,0.1);"[39m
        [36m>[39m
          [36m<div[39m
            [33mstyle[39m=[32m"display: flex; flex-direction: column;"[39m
          [36m>[39m
            [36m<label[39m
              [33mstyle[39m=[32m"color: rgb(255, 215, 0); margin-bottom: 5px;"[39m
            [36m>[39m
              [0mКатегория[0m
            [36m</label>[39m
            [36m<select[39m
              [33mname[39m=[32m"category"[39m
              [33mrequired[39m=[32m""[39m
              [33mstyle[39m=[32m"padding: 10px; border-radius: 4px; border: 1px solid #ffd700; background-color: rgb(28, 28, 28); color: rgb(255, 255, 255);"[39m
            [36m>[39m
              [36m<option[39m
                [33mvalue[39m=[32m""[39m
              [36m>[39m
                [0mВыберите категорию[0m
              [36m</option>[39m
            [36m</select>[39m
          [36m</div>[39m
          [36m<div[39m
            [33mstyle[39m=[32m"display: flex; flex-direction: column;"[39m
          [36m>[39m
            [36m<label[39m
              [33mstyle[39m=[32m"color: rgb(255, 215, 0); margin-bottom: 5px;"[39m
            [36m>[39m
              [0mСумма[0m
            [36m</label>[39m
            [36m<input[39m
              [33mname[39m=[32m"amount"[39m
              [33mplaceholder[39m=[32m"Сумма"[39m
              [33mrequired[39m=[32m""[39m
              [33mstyle[39m=[32m"padding: 10px; border-radius: 4px; border: 1px solid #ffd700; background-color: rgb(28, 28, 28); color: rgb(255, 255, 255);"[39m
              [33mtype[39m=[32m"number"[39m
              [33mvalue[39m=[32m""[39m
            [36m/>[39m
          [36m</div>[39m
          [36m<div[39m
            [33mstyle[39m=[32m"display: flex; flex-direction: column;"[39m
          [36m>[39m
            [36m<label[39m
              [33mstyle[39m=[32m"color: rgb(255, 215, 0); margin-bottom: 5px;"[39m
            [36m>[39m
              [0mДата начала[0m
            [36m</label>[39m
            [36m<input[39m
              [33mname[39m=[32m"start_date"[39m
              [33mrequired[39m=[32m""[39m
              [33mstyle[39m=[32m"padding: 10px; border-radius: 4px; border: 1px solid #ffd700; background-color: rgb(28, 28, 28); color: rgb(255, 255, 255);"[39m
              [33mtype[39m=[32m"date"[39m
              [33mvalue[39m=[32m""[39m
            [36m/>[39m
          [36m</div>[39m
          [36m<div[39m
            [33mstyle[39m=[32m"display: flex; flex-direction: column;"[39m
          [36m>[39m
            [36m<label[39m
              [33mstyle[39m=[32m"color: rgb(255, 215, 0); margin-bottom: 5px;"[39m
            [36m>[39m
              [0mДата окончания[0m
            [36m</label>[39m
            [36m<input[39m
              [33mname[39m=[32m"end_date"[39m
              [33mrequired[39m=[32m""[39m
              [33mstyle[39m=[32m"padding: 10px; border-radius: 4px; border: 1px solid #ffd700; background-color: rgb(28, 28, 28); color: rgb(255, 255, 255);"[39m
              [33mtype[39m=[32m"date"[39m
              [33mvalue[39m=[32m""[39m
            [36m/>[39m
          [36m</div>[39m
          [36m<div[39m
            [33mstyle[39m=[32m"display: flex; flex-direction: column;"[39m
          [36m>[39m
            [36m<label[39m
              [33mstyle[39m=[32m"color: rgb(255, 215, 0); margin-bottom: 5px;"[39m
            [36m>[39m
              [0mПользователь[0m
            [36m</label>[39m
            [36m<select[39m
              [33mname[39m=[32m"user"[39m
              [33mrequired[39m=[32m""[39m
              [33mstyle[39m=[32m"padding: 10px; border-radius: 4px; border: 1px solid #ffd700; background-color: rgb(28, 28, 28); color: rgb(255, 255, 255);"[39m
            [36m>[39m
              [36m<option[39m
                [33mvalue[39m=[32m""[39m
              [36m>[39m
                [0mВыберите пользователя[0m
              [36m</option>[39m
            [36m</select>[39m
          [36m</div>[39m
          [36m<button[39m
            [33mstyle[39m=[32m"padding: 10px; background-color: rgb(255, 215, 0); color: rgb(28, 28, 28); border-radius: 4px; cursor: pointer;"[39m
            [33mtype[39m=[32m"submit"[39m
          [36m>[39m
            [0mДобавить бюджет[0m
          [36m</button>[39m
        [36m</form>[39m
      [36m</div>[39m
    [36m</body>[39m

      58 |
      59 |     // Simulate changing the category, amount, start date, end date, and user
    > 60 |     fireEvent.change(screen.getByLabelText(/Категория/i), { target: { value: '1' } });
         |                             ^
      61 |     fireEvent.change(screen.getByPlaceholderText(/Сумма/i), { target: { value: '1000' } });
      62 |     fireEvent.change(screen.getByLabelText(/Дата начала/i), { target: { value: '2023-01-01' } });
      63 |     fireEvent.change(screen.getByLabelText(/Дата окончания/i), { target: { value: '2023-12-31' } });

      at Object.getElementError (node_modules/@testing-library/dom/dist/config.js:37:19)
      at getAllByLabelText (node_modules/@testing-library/dom/dist/queries/label-text.js:100:40)
      at node_modules/@testing-library/dom/dist/query-helpers.js:52:17
      at getByLabelText (node_modules/@testing-library/dom/dist/query-helpers.js:95:19)
      at Object.<anonymous> (src/components/AddBudget.test.js:60:29)

  ● AddBudget component › submits the budget form

    TestingLibraryElementError: Found a label with the text of: /Категория/i, however no form control was found associated to that label. Make sure you're using the "for" attribute or "aria-labelledby" attribute correctly.

    Ignored nodes: comments, script, style
    [36m<body>[39m
      [36m<div>[39m
        [36m<form[39m
          [33mstyle[39m=[32m"display: flex; flex-direction: column; gap: 15px; max-width: 400px; margin: 0px auto; padding: 20px; background-color: rgb(44, 44, 44); border-radius: 8px; box-shadow: 0 2px 4px rgba(255,215,0,0.1);"[39m
        [36m>[39m
          [36m<div[39m
            [33mstyle[39m=[32m"display: flex; flex-direction: column;"[39m
          [36m>[39m
            [36m<label[39m
              [33mstyle[39m=[32m"color: rgb(255, 215, 0); margin-bottom: 5px;"[39m
            [36m>[39m
              [0mКатегория[0m
            [36m</label>[39m
            [36m<select[39m
              [33mname[39m=[32m"category"[39m
              [33mrequired[39m=[32m""[39m
              [33mstyle[39m=[32m"padding: 10px; border-radius: 4px; border: 1px solid #ffd700; background-color: rgb(28, 28, 28); color: rgb(255, 255, 255);"[39m
            [36m>[39m
              [36m<option[39m
                [33mvalue[39m=[32m""[39m
              [36m>[39m
                [0mВыберите категорию[0m
              [36m</option>[39m
            [36m</select>[39m
          [36m</div>[39m
          [36m<div[39m
            [33mstyle[39m=[32m"display: flex; flex-direction: column;"[39m
          [36m>[39m
            [36m<label[39m
              [33mstyle[39m=[32m"color: rgb(255, 215, 0); margin-bottom: 5px;"[39m
            [36m>[39m
              [0mСумма[0m
            [36m</label>[39m
            [36m<input[39m
              [33mname[39m=[32m"amount"[39m
              [33mplaceholder[39m=[32m"Сумма"[39m
              [33mrequired[39m=[32m""[39m
              [33mstyle[39m=[32m"padding: 10px; border-radius: 4px; border: 1px solid #ffd700; background-color: rgb(28, 28, 28); color: rgb(255, 255, 255);"[39m
              [33mtype[39m=[32m"number"[39m
              [33mvalue[39m=[32m""[39m
            [36m/>[39m
          [36m</div>[39m
          [36m<div[39m
            [33mstyle[39m=[32m"display: flex; flex-direction: column;"[39m
          [36m>[39m
            [36m<label[39m
              [33mstyle[39m=[32m"color: rgb(255, 215, 0); margin-bottom: 5px;"[39m
            [36m>[39m
              [0mДата начала[0m
            [36m</label>[39m
            [36m<input[39m
              [33mname[39m=[32m"start_date"[39m
              [33mrequired[39m=[32m""[39m
              [33mstyle[39m=[32m"padding: 10px; border-radius: 4px; border: 1px solid #ffd700; background-color: rgb(28, 28, 28); color: rgb(255, 255, 255);"[39m
              [33mtype[39m=[32m"date"[39m
              [33mvalue[39m=[32m""[39m
            [36m/>[39m
          [36m</div>[39m
          [36m<div[39m
            [33mstyle[39m=[32m"display: flex; flex-direction: column;"[39m
          [36m>[39m
            [36m<label[39m
              [33mstyle[39m=[32m"color: rgb(255, 215, 0); margin-bottom: 5px;"[39m
            [36m>[39m
              [0mДата окончания[0m
            [36m</label>[39m
            [36m<input[39m
              [33mname[39m=[32m"end_date"[39m
              [33mrequired[39m=[32m""[39m
              [33mstyle[39m=[32m"padding: 10px; border-radius: 4px; border: 1px solid #ffd700; background-color: rgb(28, 28, 28); color: rgb(255, 255, 255);"[39m
              [33mtype[39m=[32m"date"[39m
              [33mvalue[39m=[32m""[39m
            [36m/>[39m
          [36m</div>[39m
          [36m<div[39m
            [33mstyle[39m=[32m"display: flex; flex-direction: column;"[39m
          [36m>[39m
            [36m<label[39m
              [33mstyle[39m=[32m"color: rgb(255, 215, 0); margin-bottom: 5px;"[39m
            [36m>[39m
              [0mПользователь[0m
            [36m</label>[39m
            [36m<select[39m
              [33mname[39m=[32m"user"[39m
              [33mrequired[39m=[32m""[39m
              [33mstyle[39m=[32m"padding: 10px; border-radius: 4px; border: 1px solid #ffd700; background-color: rgb(28, 28, 28); color: rgb(255, 255, 255);"[39m
            [36m>[39m
              [36m<option[39m
                [33mvalue[39m=[32m""[39m
              [36m>[39m
                [0mВыберите пользователя[0m
              [36m</option>[39m
            [36m</select>[39m
          [36m</div>[39m
          [36m<button[39m
            [33mstyle[39m=[32m"padding: 10px; background-color: rgb(255, 215, 0); color: rgb(28, 28, 28); border-radius: 4px; cursor: pointer;"[39m
            [33mtype[39m=[32m"submit"[39m
          [36m>[39m
            [0mДобавить бюджет[0m
          [36m</button>[39m
        [36m</form>[39m
      [36m</div>[39m
    [36m</body>[39m

      81 |
      82 |     // Fill out the form
    > 83 |     fireEvent.change(screen.getByLabelText(/Категория/i), { target: { value: '1' } });
         |                             ^
      84 |     fireEvent.change(screen.getByPlaceholderText(/Сумма/i), { target: { value: '1000' } });
      85 |     fireEvent.change(screen.getByLabelText(/Дата начала/i), { target: { value: '2023-01-01' } });
      86 |     fireEvent.change(screen.getByLabelText(/Дата окончания/i), { target: { value: '2023-12-31' } });

      at Object.getElementError (node_modules/@testing-library/dom/dist/config.js:37:19)
      at getAllByLabelText (node_modules/@testing-library/dom/dist/queries/label-text.js:100:40)
      at node_modules/@testing-library/dom/dist/query-helpers.js:52:17
      at getByLabelText (node_modules/@testing-library/dom/dist/query-helpers.js:95:19)
      at Object.<anonymous> (src/components/AddBudget.test.js:83:29)

  ● AddBudget component › handles API errors when submitting

    TestingLibraryElementError: Found a label with the text of: /Категория/i, however no form control was found associated to that label. Make sure you're using the "for" attribute or "aria-labelledby" attribute correctly.

    Ignored nodes: comments, script, style
    [36m<body>[39m
      [36m<div>[39m
        [36m<form[39m
          [33mstyle[39m=[32m"display: flex; flex-direction: column; gap: 15px; max-width: 400px; margin: 0px auto; padding: 20px; background-color: rgb(44, 44, 44); border-radius: 8px; box-shadow: 0 2px 4px rgba(255,215,0,0.1);"[39m
        [36m>[39m
          [36m<div[39m
            [33mstyle[39m=[32m"display: flex; flex-direction: column;"[39m
          [36m>[39m
            [36m<label[39m
              [33mstyle[39m=[32m"color: rgb(255, 215, 0); margin-bottom: 5px;"[39m
            [36m>[39m
              [0mКатегория[0m
            [36m</label>[39m
            [36m<select[39m
              [33mname[39m=[32m"category"[39m
              [33mrequired[39m=[32m""[39m
              [33mstyle[39m=[32m"padding: 10px; border-radius: 4px; border: 1px solid #ffd700; background-color: rgb(28, 28, 28); color: rgb(255, 255, 255);"[39m
            [36m>[39m
              [36m<option[39m
                [33mvalue[39m=[32m""[39m
              [36m>[39m
                [0mВыберите категорию[0m
              [36m</option>[39m
            [36m</select>[39m
          [36m</div>[39m
          [36m<div[39m
            [33mstyle[39m=[32m"display: flex; flex-direction: column;"[39m
          [36m>[39m
            [36m<label[39m
              [33mstyle[39m=[32m"color: rgb(255, 215, 0); margin-bottom: 5px;"[39m
            [36m>[39m
              [0mСумма[0m
            [36m</label>[39m
            [36m<input[39m
              [33mname[39m=[32m"amount"[39m
              [33mplaceholder[39m=[32m"Сумма"[39m
              [33mrequired[39m=[32m""[39m
              [33mstyle[39m=[32m"padding: 10px; border-radius: 4px; border: 1px solid #ffd700; background-color: rgb(28, 28, 28); color: rgb(255, 255, 255);"[39m
              [33mtype[39m=[32m"number"[39m
              [33mvalue[39m=[32m""[39m
            [36m/>[39m
          [36m</div>[39m
          [36m<div[39m
            [33mstyle[39m=[32m"display: flex; flex-direction: column;"[39m
          [36m>[39m
            [36m<label[39m
              [33mstyle[39m=[32m"color: rgb(255, 215, 0); margin-bottom: 5px;"[39m
            [36m>[39m
              [0mДата начала[0m
            [36m</label>[39m
            [36m<input[39m
              [33mname[39m=[32m"start_date"[39m
              [33mrequired[39m=[32m""[39m
              [33mstyle[39m=[32m"padding: 10px; border-radius: 4px; border: 1px solid #ffd700; background-color: rgb(28, 28, 28); color: rgb(255, 255, 255);"[39m
              [33mtype[39m=[32m"date"[39m
              [33mvalue[39m=[32m""[39m
            [36m/>[39m
          [36m</div>[39m
          [36m<div[39m
            [33mstyle[39m=[32m"display: flex; flex-direction: column;"[39m
          [36m>[39m
            [36m<label[39m
              [33mstyle[39m=[32m"color: rgb(255, 215, 0); margin-bottom: 5px;"[39m
            [36m>[39m
              [0mДата окончания[0m
            [36m</label>[39m
            [36m<input[39m
              [33mname[39m=[32m"end_date"[39m
              [33mrequired[39m=[32m""[39m
              [33mstyle[39m=[32m"padding: 10px; border-radius: 4px; border: 1px solid #ffd700; background-color: rgb(28, 28, 28); color: rgb(255, 255, 255);"[39m
              [33mtype[39m=[32m"date"[39m
              [33mvalue[39m=[32m""[39m
            [36m/>[39m
          [36m</div>[39m
          [36m<div[39m
            [33mstyle[39m=[32m"display: flex; flex-direction: column;"[39m
          [36m>[39m
            [36m<label[39m
              [33mstyle[39m=[32m"color: rgb(255, 215, 0); margin-bottom: 5px;"[39m
            [36m>[39m
              [0mПользователь[0m
            [36m</label>[39m
            [36m<select[39m
              [33mname[39m=[32m"user"[39m
              [33mrequired[39m=[32m""[39m
              [33mstyle[39m=[32m"padding: 10px; border-radius: 4px; border: 1px solid #ffd700; background-color: rgb(28, 28, 28); color: rgb(255, 255, 255);"[39m
            [36m>[39m
              [36m<option[39m
                [33mvalue[39m=[32m""[39m
              [36m>[39m
                [0mВыберите пользователя[0m
              [36m</option>[39m
            [36m</select>[39m
          [36m</div>[39m
          [36m<button[39m
            [33mstyle[39m=[32m"padding: 10px; background-color: rgb(255, 215, 0); color: rgb(28, 28, 28); border-radius: 4px; cursor: pointer;"[39m
            [33mtype[39m=[32m"submit"[39m
          [36m>[39m
            [0mДобавить бюджет[0m
          [36m</button>[39m
        [36m</form>[39m
      [36m</div>[39m
    [36m</body>[39m

      112 |
      113 |     // Fill out the form
    > 114 |     fireEvent.change(screen.getByLabelText(/Категория/i), { target: { value: '1' } });
          |                             ^
      115 |     fireEvent.change(screen.getByPlaceholderText(/Сумма/i), { target: { value: '1000' } });
      116 |     fireEvent.change(screen.getByLabelText(/Дата начала/i), { target: { value: '2023-01-01' } });
      117 |     fireEvent.change(screen.getByLabelText(/Дата окончания/i), { target: { value: '2023-12-31' } });

      at Object.getElementError (node_modules/@testing-library/dom/dist/config.js:37:19)
      at getAllByLabelText (node_modules/@testing-library/dom/dist/queries/label-text.js:100:40)
      at node_modules/@testing-library/dom/dist/query-helpers.js:52:17
      at getByLabelText (node_modules/@testing-library/dom/dist/query-helpers.js:95:19)
      at Object.<anonymous> (src/components/AddBudget.test.js:114:29)

PASS src/components/Login.test.js
  ● Console

    console.error
      Warning: `ReactDOMTestUtils.act` is deprecated in favor of `React.act`. Import `act` from `react` instead of `react-dom/test-utils`. See https://react.dev/warnings/react-dom-test-utils for more info.

      32 |
      33 |   test('renders login form', () => {
    > 34 |     render(<Login setIsLoggedIn={mockSetIsLoggedIn} />);
         |           ^
      35 |     
      36 |     // Проверяем наличие элементов формы
      37 |     expect(screen.getByPlaceholderText(/Имя пользователя/i)).toBeInTheDocument();

      at printWarning (node_modules/react-dom/cjs/react-dom-test-utils.development.js:71:30)
      at error (node_modules/react-dom/cjs/react-dom-test-utils.development.js:45:7)
      at actWithWarning (node_modules/react-dom/cjs/react-dom-test-utils.development.js:1736:7)
      at node_modules/@testing-library/react/dist/act-compat.js:63:25
      at renderRoot (node_modules/@testing-library/react/dist/pure.js:159:26)
      at render (node_modules/@testing-library/react/dist/pure.js:246:10)
      at Object.<anonymous> (src/components/Login.test.js:34:11)

    console.error
      Login failed: Error: Login failed
          at Object.<anonymous> (/home/end0/CODE/moneyapp/frontend/src/components/Login.test.js:78:34)
          at Promise.then.completed (/home/end0/CODE/moneyapp/frontend/node_modules/react-scripts/node_modules/jest-circus/build/utils.js:391:28)
          at new Promise (<anonymous>)
          at callAsyncCircusFn (/home/end0/CODE/moneyapp/frontend/node_modules/react-scripts/node_modules/jest-circus/build/utils.js:316:10)
          at _callCircusTest (/home/end0/CODE/moneyapp/frontend/node_modules/react-scripts/node_modules/jest-circus/build/run.js:218:40)
          at _runTest (/home/end0/CODE/moneyapp/frontend/node_modules/react-scripts/node_modules/jest-circus/build/run.js:155:3)
          at _runTestsForDescribeBlock (/home/end0/CODE/moneyapp/frontend/node_modules/react-scripts/node_modules/jest-circus/build/run.js:66:9)
          at _runTestsForDescribeBlock (/home/end0/CODE/moneyapp/frontend/node_modules/react-scripts/node_modules/jest-circus/build/run.js:60:9)
          at run (/home/end0/CODE/moneyapp/frontend/node_modules/react-scripts/node_modules/jest-circus/build/run.js:25:3)
          at runAndTransformResultsToJestFormat (/home/end0/CODE/moneyapp/frontend/node_modules/react-scripts/node_modules/jest-circus/build/legacy-code-todo-rewrite/jestAdapterInit.js:170:21)
          at jestAdapter (/home/end0/CODE/moneyapp/frontend/node_modules/react-scripts/node_modules/jest-circus/build/legacy-code-todo-rewrite/jestAdapter.js:82:19)
          at runTestInternal (/home/end0/CODE/moneyapp/frontend/node_modules/react-scripts/node_modules/jest-runner/build/runTest.js:389:16)
          at runTest (/home/end0/CODE/moneyapp/frontend/node_modules/react-scripts/node_modules/jest-runner/build/runTest.js:475:34)
          at Object.worker (/home/end0/CODE/moneyapp/frontend/node_modules/react-scripts/node_modules/jest-runner/build/testWorker.js:133:12)

      19 |       startTokenRefreshInterval();
      20 |     } catch (error) {
    > 21 |       console.error('Login failed:', error);
         |               ^
      22 |     }
      23 |   };
      24 |

      at handleSubmit (src/components/Login.js:21:15)

PASS src/components/UserMenu.test.js
  ● Console

    console.error
      Warning: `ReactDOMTestUtils.act` is deprecated in favor of `React.act`. Import `act` from `react` instead of `react-dom/test-utils`. See https://react.dev/warnings/react-dom-test-utils for more info.

      26 |
      27 |   test('renders user menu button with user icon', () => {
    > 28 |     render(<UserMenu setIsLoggedIn={mockSetIsLoggedIn} />);
         |           ^
      29 |
      30 |     // Проверяем, что иконка пользователя рендерится
      31 |     const userIconButton = screen.getByRole('button');

      at printWarning (node_modules/react-dom/cjs/react-dom-test-utils.development.js:71:30)
      at error (node_modules/react-dom/cjs/react-dom-test-utils.development.js:45:7)
      at actWithWarning (node_modules/react-dom/cjs/react-dom-test-utils.development.js:1736:7)
      at node_modules/@testing-library/react/dist/act-compat.js:63:25
      at renderRoot (node_modules/@testing-library/react/dist/pure.js:159:26)
      at render (node_modules/@testing-library/react/dist/pure.js:246:10)
      at Object.<anonymous> (src/components/UserMenu.test.js:28:11)

FAIL src/components/TransactionList.test.js
  ● Test suite failed to run

    Jest encountered an unexpected token

    Jest failed to parse a file. This happens e.g. when your code or its dependencies use non-standard JavaScript syntax, or when Jest is not configured to support such syntax.

    Out of the box Jest supports Babel, which will be used to transform your files into valid JS based on your Babel configuration.

    By default "node_modules" folder is ignored by transformers.

    Here's what you can do:
     • If you are trying to use ECMAScript Modules, see https://jestjs.io/docs/ecmascript-modules for how to enable it.
     • If you are trying to use TypeScript, see https://jestjs.io/docs/getting-started#using-typescript
     • To have some of your "node_modules" files transformed, you can specify a custom "transformIgnorePatterns" in your config.
     • If you need a custom transformation specify a "transform" option in your config.
     • If you simply want to mock your non-JS modules (e.g. binary assets) you can stub them out with the "moduleNameMapper" config option.

    You'll find more details and examples of these config options in the docs:
    https://jestjs.io/docs/configuration
    For information about custom transformations, see:
    https://jestjs.io/docs/code-transformation

    Details:

    /home/end0/CODE/moneyapp/frontend/node_modules/react-i18next/dist/commonjs/context.js:49
          this.usedNamespaces[ns] ??= true;
                                  ^^^

    SyntaxError: Unexpected token '??='

      1 | import React, { useState, useEffect, useMemo } from 'react';
    > 2 | import { useTranslation } from 'react-i18next';
        | ^
      3 | import axiosInstance from '../api/axiosConfig';
      4 | import { format } from 'date-fns';
      5 | import { ru, enUS } from 'date-fns/locale';

      at Runtime.createScriptFromCode (node_modules/react-scripts/node_modules/jest-runtime/build/index.js:1728:14)
      at Object.<anonymous> (node_modules/react-i18next/dist/commonjs/Trans.js:15:16)
      at Object.<anonymous> (node_modules/react-i18next/dist/commonjs/index.js:105:14)
      at Object.<anonymous> (src/components/TransactionList.js:2:1)
      at Object.<anonymous> (src/components/TransactionList.test.js:3:1)

FAIL src/components/BudgetList.test.js
  ● Console

    console.error
      Warning: `ReactDOMTestUtils.act` is deprecated in favor of `React.act`. Import `act` from `react` instead of `react-dom/test-utils`. See https://react.dev/warnings/react-dom-test-utils for more info.

      57 |
      58 |   test('renders BudgetList and loads budgets', async () => {
    > 59 |     render(<BudgetList />);
         |           ^
      60 |
      61 |     await waitFor(() => {
      62 |       expect(screen.getByText(/Бюджеты/i)).toBeInTheDocument();

      at printWarning (node_modules/react-dom/cjs/react-dom-test-utils.development.js:71:30)
      at error (node_modules/react-dom/cjs/react-dom-test-utils.development.js:45:7)
      at actWithWarning (node_modules/react-dom/cjs/react-dom-test-utils.development.js:1736:7)
      at node_modules/@testing-library/react/dist/act-compat.js:63:25
      at renderRoot (node_modules/@testing-library/react/dist/pure.js:159:26)
      at render (node_modules/@testing-library/react/dist/pure.js:246:10)
      at Object.<anonymous> (src/components/BudgetList.test.js:59:11)

    console.error
      Warning: An update to BudgetList inside a test was not wrapped in act(...).
      
      When testing, code that causes React state updates should be wrapped into act(...):
      
      act(() => {
        /* fire events that update state */
      });
      /* assert on the output */
      
      This ensures that you're testing the behavior the user would see in the browser. Learn more at https://reactjs.org/link/wrap-tests-with-act
          at BudgetList (/home/end0/CODE/moneyapp/frontend/src/components/BudgetList.js:8:41)

      16 |         setBudgets(budgetsResponse.data);
      17 |         const categoriesResponse = await axiosInstance.get('/budget/api/categories/');
    > 18 |         setCategories(categoriesResponse.data);
         |         ^
      19 |       } catch (error) {
      20 |         console.error('Error fetching data:', error);
      21 |       }

      at printWarning (node_modules/react-dom/cjs/react-dom.development.js:86:30)
      at error (node_modules/react-dom/cjs/react-dom.development.js:60:7)
      at warnIfUpdatesNotWrappedWithActDEV (node_modules/react-dom/cjs/react-dom.development.js:27628:9)
      at scheduleUpdateOnFiber (node_modules/react-dom/cjs/react-dom.development.js:25547:5)
      at setCategories (node_modules/react-dom/cjs/react-dom.development.js:16708:7)
      at fetchBudgets (src/components/BudgetList.js:18:9)

    console.error
      Warning: An update to BudgetList inside a test was not wrapped in act(...).
      
      When testing, code that causes React state updates should be wrapped into act(...):
      
      act(() => {
        /* fire events that update state */
      });
      /* assert on the output */
      
      This ensures that you're testing the behavior the user would see in the browser. Learn more at https://reactjs.org/link/wrap-tests-with-act
          at BudgetList (/home/end0/CODE/moneyapp/frontend/src/components/BudgetList.js:8:41)

      14 |       try {
      15 |         const budgetsResponse = await axiosInstance.get('/budget/api/budgets/');
    > 16 |         setBudgets(budgetsResponse.data);
         |         ^
      17 |         const categoriesResponse = await axiosInstance.get('/budget/api/categories/');
      18 |         setCategories(categoriesResponse.data);
      19 |       } catch (error) {

      at printWarning (node_modules/react-dom/cjs/react-dom.development.js:86:30)
      at error (node_modules/react-dom/cjs/react-dom.development.js:60:7)
      at warnIfUpdatesNotWrappedWithActDEV (node_modules/react-dom/cjs/react-dom.development.js:27628:9)
      at scheduleUpdateOnFiber (node_modules/react-dom/cjs/react-dom.development.js:25547:5)
      at setBudgets (node_modules/react-dom/cjs/react-dom.development.js:16708:7)
      at fetchBudgets (src/components/BudgetList.js:16:9)

    console.error
      Warning: An update to BudgetList inside a test was not wrapped in act(...).
      
      When testing, code that causes React state updates should be wrapped into act(...):
      
      act(() => {
        /* fire events that update state */
      });
      /* assert on the output */
      
      This ensures that you're testing the behavior the user would see in the browser. Learn more at https://reactjs.org/link/wrap-tests-with-act
          at BudgetList (/home/end0/CODE/moneyapp/frontend/src/components/BudgetList.js:8:41)

      16 |         setBudgets(budgetsResponse.data);
      17 |         const categoriesResponse = await axiosInstance.get('/budget/api/categories/');
    > 18 |         setCategories(categoriesResponse.data);
         |         ^
      19 |       } catch (error) {
      20 |         console.error('Error fetching data:', error);
      21 |       }

      at printWarning (node_modules/react-dom/cjs/react-dom.development.js:86:30)
      at error (node_modules/react-dom/cjs/react-dom.development.js:60:7)
      at warnIfUpdatesNotWrappedWithActDEV (node_modules/react-dom/cjs/react-dom.development.js:27628:9)
      at scheduleUpdateOnFiber (node_modules/react-dom/cjs/react-dom.development.js:25547:5)
      at setCategories (node_modules/react-dom/cjs/react-dom.development.js:16708:7)
      at fetchBudgets (src/components/BudgetList.js:18:9)

    console.error
      Warning: An update to BudgetList inside a test was not wrapped in act(...).
      
      When testing, code that causes React state updates should be wrapped into act(...):
      
      act(() => {
        /* fire events that update state */
      });
      /* assert on the output */
      
      This ensures that you're testing the behavior the user would see in the browser. Learn more at https://reactjs.org/link/wrap-tests-with-act
          at BudgetList (/home/end0/CODE/moneyapp/frontend/src/components/BudgetList.js:8:41)

      14 |       try {
      15 |         const budgetsResponse = await axiosInstance.get('/budget/api/budgets/');
    > 16 |         setBudgets(budgetsResponse.data);
         |         ^
      17 |         const categoriesResponse = await axiosInstance.get('/budget/api/categories/');
      18 |         setCategories(categoriesResponse.data);
      19 |       } catch (error) {

      at printWarning (node_modules/react-dom/cjs/react-dom.development.js:86:30)
      at error (node_modules/react-dom/cjs/react-dom.development.js:60:7)
      at warnIfUpdatesNotWrappedWithActDEV (node_modules/react-dom/cjs/react-dom.development.js:27628:9)
      at scheduleUpdateOnFiber (node_modules/react-dom/cjs/react-dom.development.js:25547:5)
      at setBudgets (node_modules/react-dom/cjs/react-dom.development.js:16708:7)
      at fetchBudgets (src/components/BudgetList.js:16:9)

    console.error
      Warning: An update to BudgetList inside a test was not wrapped in act(...).
      
      When testing, code that causes React state updates should be wrapped into act(...):
      
      act(() => {
        /* fire events that update state */
      });
      /* assert on the output */
      
      This ensures that you're testing the behavior the user would see in the browser. Learn more at https://reactjs.org/link/wrap-tests-with-act
          at BudgetList (/home/end0/CODE/moneyapp/frontend/src/components/BudgetList.js:8:41)

      16 |         setBudgets(budgetsResponse.data);
      17 |         const categoriesResponse = await axiosInstance.get('/budget/api/categories/');
    > 18 |         setCategories(categoriesResponse.data);
         |         ^
      19 |       } catch (error) {
      20 |         console.error('Error fetching data:', error);
      21 |       }

      at printWarning (node_modules/react-dom/cjs/react-dom.development.js:86:30)
      at error (node_modules/react-dom/cjs/react-dom.development.js:60:7)
      at warnIfUpdatesNotWrappedWithActDEV (node_modules/react-dom/cjs/react-dom.development.js:27628:9)
      at scheduleUpdateOnFiber (node_modules/react-dom/cjs/react-dom.development.js:25547:5)
      at setCategories (node_modules/react-dom/cjs/react-dom.development.js:16708:7)
      at fetchBudgets (src/components/BudgetList.js:18:9)

  ● BudgetList component › renders BudgetList and loads budgets

    TestingLibraryElementError: Unable to find an element with the text: /Food/i. This could be because the text is broken up by multiple elements. In this case, you can provide a function for your text matcher to make your matcher more flexible.

    Ignored nodes: comments, script, style
    [36m<body>[39m
      [36m<div>[39m
        [36m<div[39m
          [33mstyle[39m=[32m"background-color: rgb(30, 30, 30); color: rgb(255, 255, 255); padding: 20px; border-radius: 8px; max-width: 800px; margin: 0px auto;"[39m
        [36m>[39m
          [36m<h2[39m
            [33mstyle[39m=[32m"color: rgb(255, 215, 0); margin-bottom: 20px;"[39m
          [36m>[39m
            [0mБюджеты[0m
          [36m</h2>[39m
          [36m<div[39m
            [33mstyle[39m=[32m"display: grid; grid-template-columns: repeat(auto-fill, minmax(200px, 1fr)); gap: 20px; margin-bottom: 40px;"[39m
          [36m/>[39m
          [36m<div[39m
            [33mstyle[39m=[32m"background-color: rgb(44, 44, 44); padding: 20px; border-radius: 8px;"[39m
          [36m>[39m
            [36m<h3[39m
              [33mstyle[39m=[32m"color: rgb(255, 215, 0); margin-bottom: 15px;"[39m
            [36m>[39m
              [0mДобавить новый бюджет[0m
            [36m</h3>[39m
            [36m<form>[39m
              [36m<input[39m
                [33mname[39m=[32m"amount"[39m
                [33mplaceholder[39m=[32m"Сумма"[39m
                [33mstyle[39m=[32m"width: 100%; padding: 10px; margin-bottom: 10px; background-color: rgb(30, 30, 30); border: 1px solid #ffd700; border-radius: 4px; color: rgb(255, 255, 255);"[39m
                [33mtype[39m=[32m"number"[39m
                [33mvalue[39m=[32m""[39m
              [36m/>[39m
              [36m<input[39m
                [33mname[39m=[32m"start_date"[39m
                [33mstyle[39m=[32m"width: 100%; padding: 10px; margin-bottom: 10px; background-color: rgb(30, 30, 30); border: 1px solid #ffd700; border-radius: 4px; color: rgb(255, 255, 255);"[39m
                [33mtype[39m=[32m"date"[39m
                [33mvalue[39m=[32m""[39m
              [36m/>[39m
              [36m<input[39m
                [33mname[39m=[32m"end_date"[39m
                [33mstyle[39m=[32m"width: 100%; padding: 10px; margin-bottom: 10px; background-color: rgb(30, 30, 30); border: 1px solid #ffd700; border-radius: 4px; color: rgb(255, 255, 255);"[39m
                [33mtype[39m=[32m"date"[39m
                [33mvalue[39m=[32m""[39m
              [36m/>[39m
              [36m<select[39m
                [33mname[39m=[32m"category"[39m
                [33mstyle[39m=[32m"width: 100%; padding: 10px; margin-bottom: 10px; background-color: rgb(30, 30, 30); border: 1px solid #ffd700; border-radius: 4px; color: rgb(255, 255, 255);"[39m
              [36m>[39m
                [36m<option[39m
                  [33mvalue[39m=[32m""[39m
                [36m>[39m
                  [0mВыберите категорию[0m
                [36m</option>[39m
              [36m</select>[39m
              [36m<button[39m
                [33mstyle[39m=[32m"width: 100%; padding: 10px; background-color: rgb(255, 215, 0); color: rgb(30, 30, 30); border-radius: 4px; cursor: pointer; font-weight: bold;"[39m
                [33mtype[39m=[32m"submit"[39m
              [36m>[39m
                [0mДобавить бюджет[0m
              [36m</button>[39m
            [36m</form>[39m
          [36m</div>[39m
        [36m</div>[39m
      [36m</div>[39m
    [36m</body>[39m

      63 |     });
      64 |
    > 65 |     expect(screen.getByText(/Food/i)).toBeInTheDocument();
         |                   ^
      66 |     expect(screen.getByText(/Entertainment/i)).toBeInTheDocument();
      67 |     expect(screen.getByText('1 000,00 ₽')).toBeInTheDocument();
      68 |     expect(screen.getByText('500,00 ₽')).toBeInTheDocument();

      at Object.getElementError (node_modules/@testing-library/dom/dist/config.js:37:19)
      at node_modules/@testing-library/dom/dist/query-helpers.js:76:38
      at node_modules/@testing-library/dom/dist/query-helpers.js:52:17
      at getByText (node_modules/@testing-library/dom/dist/query-helpers.js:95:19)
      at Object.<anonymous> (src/components/BudgetList.test.js:65:19)

  ● BudgetList component › handles adding a new budget

    TestingLibraryElementError: Unable to find a label with the text of: /Дата начала/i

    Ignored nodes: comments, script, style
    [36m<body>[39m
      [36m<div>[39m
        [36m<div[39m
          [33mstyle[39m=[32m"background-color: rgb(30, 30, 30); color: rgb(255, 255, 255); padding: 20px; border-radius: 8px; max-width: 800px; margin: 0px auto;"[39m
        [36m>[39m
          [36m<h2[39m
            [33mstyle[39m=[32m"color: rgb(255, 215, 0); margin-bottom: 20px;"[39m
          [36m>[39m
            [0mБюджеты[0m
          [36m</h2>[39m
          [36m<div[39m
            [33mstyle[39m=[32m"display: grid; grid-template-columns: repeat(auto-fill, minmax(200px, 1fr)); gap: 20px; margin-bottom: 40px;"[39m
          [36m/>[39m
          [36m<div[39m
            [33mstyle[39m=[32m"background-color: rgb(44, 44, 44); padding: 20px; border-radius: 8px;"[39m
          [36m>[39m
            [36m<h3[39m
              [33mstyle[39m=[32m"color: rgb(255, 215, 0); margin-bottom: 15px;"[39m
            [36m>[39m
              [0mДобавить новый бюджет[0m
            [36m</h3>[39m
            [36m<form>[39m
              [36m<input[39m
                [33mname[39m=[32m"amount"[39m
                [33mplaceholder[39m=[32m"Сумма"[39m
                [33mstyle[39m=[32m"width: 100%; padding: 10px; margin-bottom: 10px; background-color: rgb(30, 30, 30); border: 1px solid #ffd700; border-radius: 4px; color: rgb(255, 255, 255);"[39m
                [33mtype[39m=[32m"number"[39m
                [33mvalue[39m=[32m"2000"[39m
              [36m/>[39m
              [36m<input[39m
                [33mname[39m=[32m"start_date"[39m
                [33mstyle[39m=[32m"width: 100%; padding: 10px; margin-bottom: 10px; background-color: rgb(30, 30, 30); border: 1px solid #ffd700; border-radius: 4px; color: rgb(255, 255, 255);"[39m
                [33mtype[39m=[32m"date"[39m
                [33mvalue[39m=[32m""[39m
              [36m/>[39m
              [36m<input[39m
                [33mname[39m=[32m"end_date"[39m
                [33mstyle[39m=[32m"width: 100%; padding: 10px; margin-bottom: 10px; background-color: rgb(30, 30, 30); border: 1px solid #ffd700; border-radius: 4px; color: rgb(255, 255, 255);"[39m
                [33mtype[39m=[32m"date"[39m
                [33mvalue[39m=[32m""[39m
              [36m/>[39m
              [36m<select[39m
                [33mname[39m=[32m"category"[39m
                [33mstyle[39m=[32m"width: 100%; padding: 10px; margin-bottom: 10px; background-color: rgb(30, 30, 30); border: 1px solid #ffd700; border-radius: 4px; color: rgb(255, 255, 255);"[39m
              [36m>[39m
                [36m<option[39m
                  [33mvalue[39m=[32m""[39m
                [36m>[39m
                  [0mВыберите категорию[0m
                [36m</option>[39m
              [36m</select>[39m
              [36m<button[39m
                [33mstyle[39m=[32m"width: 100%; padding: 10px; background-color: rgb(255, 215, 0); color: rgb(30, 30, 30); border-radius: 4px; cursor: pointer; font-weight: bold;"[39m
                [33mtype[39m=[32m"submit"[39m
              [36m>[39m
                [0mДобавить бюджет[0m
              [36m</button>[39m
            [36m</form>[39m
          [36m</div>[39m
        [36m</div>[39m
      [36m</div>[39m
    [36m</body>[39m

      84 |
      85 |     fireEvent.change(screen.getByPlaceholderText(/Сумма/i), { target: { value: '2000' } });
    > 86 |     fireEvent.change(screen.getByLabelText(/Дата начала/i), { target: { value: '2023-02-01' } });
         |                             ^
      87 |     fireEvent.change(screen.getByLabelText(/Дата окончания/i), { target: { value: '2023-04-30' } });
      88 |     fireEvent.change(screen.getByRole('combobox', { name: /Категория/i }), { target: { value: '1' } });
      89 |

      at Object.getElementError (node_modules/@testing-library/dom/dist/config.js:37:19)
      at getAllByLabelText (node_modules/@testing-library/dom/dist/queries/label-text.js:103:38)
      at node_modules/@testing-library/dom/dist/query-helpers.js:52:17
      at getByLabelText (node_modules/@testing-library/dom/dist/query-helpers.js:95:19)
      at Object.<anonymous> (src/components/BudgetList.test.js:86:29)

  ● BudgetList component › handles deleting a budget

    Found multiple elements with the text: /Food/i

    Here are the matching elements:

    Ignored nodes: comments, script, style
    [36m<h3[39m
      [33mstyle[39m=[32m"color: rgb(255, 215, 0); margin-bottom: 10px;"[39m
    [36m>[39m
      [0mFood[0m
    [36m</h3>[39m

    Ignored nodes: comments, script, style
    [36m<option[39m
      [33mvalue[39m=[32m"1"[39m
    [36m>[39m
      [0mFood[0m
    [36m</option>[39m

    (If this is intentional, then use the `*AllBy*` variant of the query (like `queryAllByText`, `getAllByText`, or `findAllByText`)).

    Ignored nodes: comments, script, style
    [36m<body>[39m
      [36m<div>[39m
        [36m<div[39m
          [33mstyle[39m=[32m"background-color: rgb(30, 30, 30); color: rgb(255, 255, 255); padding: 20px; border-radius: 8px; max-width: 800px; margin: 0px auto;"[39m
        [36m>[39m
          [36m<h2[39m
            [33mstyle[39m=[32m"color: rgb(255, 215, 0); margin-bottom: 20px;"[39m
          [36m>[39m
            [0mБюджеты[0m
          [36m</h2>[39m
          [36m<div[39m
            [33mstyle[39m=[32m"display: grid; grid-template-columns: repeat(auto-fill, minmax(200px, 1fr)); gap: 20px; margin-bottom: 40px;"[39m
          [36m>[39m
            [36m<div[39m
              [33mstyle[39m=[32m"background-color: rgb(44, 44, 44); padding: 15px; border-radius: 8px; box-shadow: 0 2px 4px rgba(0, 0, 0, 0.1);"[39m
            [36m>[39m
              [36m<h3[39m
                [33mstyle[39m=[32m"color: rgb(255, 215, 0); margin-bottom: 10px;"[39m
              [36m>[39m
                [0mFood[0m
              [36m</h3>[39m
              [36m<p[39m
                [33mstyle[39m=[32m"font-size: 18px; font-weight: bold; margin-bottom: 5px;"[39m
              [36m>[39m
                [0m1 000,00 ₽[0m
              [36m</p>[39m
              [36m<p[39m
                [33mstyle[39m=[32m"font-size: 14px; color: rgb(204, 204, 204);"[39m
              [36m>[39m
                [0m01 января 2023[0m
                [0m -[0m
                [0m31 декабря 2023[0m
              [36m</p>[39m
              [36m<button[39m
                [33mstyle[39m=[32m"background-color: rgb(244, 67, 54); color: white; padding: 10px; border-radius: 4px; cursor: pointer; margin-top: 10px; font-weight: bold;"[39m
              [36m>[39m
                [0mУдалить[0m
              [36m</button>[39m
            [36m</div>[39m
            [36m<div[39m
              [33mstyle[39m=[32m"background-color: rgb(44, 44, 44); padding: 15px; border-radius: 8px; box-shadow: 0 2px 4px rgba(0, 0, 0, 0.1);"[39m
            [36m>[39m
              [36m<h3[39m
                [33mstyle[39m=[32m"color: rgb(255, 215, 0); margin-bottom: 10px;"[39m
              [36m>[39m
                [0mEntertainment[0m
              [36m</h3>[39m
              [36m<p[39m
                [33mstyle[39m=[32m"font-size: 18px; font-weight: bold; margin-bottom: 5px;"[39m
              [36m>[39m
                [0m500,00 ₽[0m
              [36m</p>[39m
              [36m<p[39m
                [33mstyle[39m=[32m"font-size: 14px; color: rgb(204, 204, 204);"[39m
              [36m>[39m
                [0m01 марта 2023[0m
                [0m -[0m
                [0m30 июня 2023[0m
              [36m</p>[39m
              [36m<button[39m
                [33mstyle[39m=[32m"background-color: rgb(244, 67, 54); color: white; padding: 10px; border-radius: 4px; cursor: pointer; margin-top: 10px; font-weight: bold;"[39m
              [36m>[39m
                [0mУдалить[0m
              [36m</button>[39m
            [36m</div>[39m
          [36m</div>[39m
          [36m<div[39m
            [33mstyle[39m=[32m"background-color: rgb(44, 44, 44); padding: 20px; border-radius: 8px;"[39m
          [36m>[39m
            [36m<h3[39m
              [33mstyle[39m=[32m"color: rgb(255, 215, 0); margin-bottom: 15px;"[39m
            [36m>[39m
              [0mДобавить новый бюджет[0m
            [36m</h3>[39m
            [36m<form>[39m
              [36m<input[39m
                [33mname[39m=[32m"amount"[39m
                [33mplaceholder[39m=[32m"Сумма"[39m
                [33mstyle[39m=[32m"width: 100%; padding: 10px; margin-bottom: 10px; background-color: rgb(30, 30, 30); border: 1px solid #ffd700; border-radius: 4px; color: rgb(255, 255, 255);"[39m
                [33mtype[39m=[32m"number"[39m
                [33mvalue[39m=[32m""[39m
              [36m/>[39m
              [36m<input[39m
                [33mname[39m=[32m"start_date"[39m
                [33mstyle[39m=[32m"width: 100%; padding: 10px; margin-bottom: 10px; background-color: rgb(30, 30, 30); border: 1px solid #ffd700; border-radius: 4px; color: rgb(255, 255, 255);"[39m
                [33mtype[39m=[32m"date"[39m
                [33mvalue[39m=[32m""[39m
              [36m/>[39m
              [36m<input[39m
                [33mname[39m=[32m"end_date"[39m
                [33mstyle[39m=[32m"width: 100%; padding: 10px; margin-bottom: 10px; background-color: rgb(30, 30, 30); border: 1px solid #ffd700; border-radius: 4px; color: rgb(255, 255, 255);"[39m
                [33mtype[39m=[32m"date"[39m
                [33mvalue[39m=[32m""[39m
              [36m/>[39m
              [36m<select[39m
                [33mname[39m=[32m"category"[39m
                [33mstyle[39m=[32m"width: 100%; padding: 10px; margin-bottom: 10px; background-color: rgb(30, 30, 30); border: 1px solid #ffd700; border-radius: 4px; color: rgb(255, 255, 255);"[39m
              [36m>[39m
                [36m<option[39m
                  [33mvalue[39m=[32m""[39m
                [36m>[39m
                  [0mВыберите категорию[0m
                [36m</option>[39m
                [36m<option[39m
                  [33mvalue[39m=[32m"1"[39m
                [36m>[39m
                  [0mFood[0m
                [36m</option>[39m
                [36m<option[39m
                  [33mvalue[39m=[32m"2"[39m
                [36m>[39m
                  [0mEntertainment[0m
                [36m</option>[39m
              [36m</select>[39m
              [36m<button[39m
                [33mstyle[39m=[32m"width: 100%; padding: 10px; background-color: rgb(255, 215, 0); color: rgb(30, 30, 30); border-radius: 4px; cursor: pointer; font-weight: bold;"[39m
                [33mtype[39m=[32m"submit"[39m
              [36m>[39m
                [0mДобавить бюджет[0m
              [36m</button>[39m
            [36m</form>[39m
          [36m</div>[39m
        [36m</div>[39m
      [36m</div>[39m
    [36m</body>[39m

      108 |     render(<BudgetList />);
      109 |
    > 110 |     await waitFor(() => {
          |                  ^
      111 |       expect(screen.getByText(/Food/i)).toBeInTheDocument();
      112 |     });
      113 |

      at waitForWrapper (node_modules/@testing-library/dom/dist/wait-for.js:166:27)
      at Object.<anonymous> (src/components/BudgetList.test.js:110:18)

  ● BudgetList component › handles API error when adding a budget

    TestingLibraryElementError: Unable to find a label with the text of: /Дата начала/i

    Ignored nodes: comments, script, style
    [36m<body>[39m
      [36m<div>[39m
        [36m<div[39m
          [33mstyle[39m=[32m"background-color: rgb(30, 30, 30); color: rgb(255, 255, 255); padding: 20px; border-radius: 8px; max-width: 800px; margin: 0px auto;"[39m
        [36m>[39m
          [36m<h2[39m
            [33mstyle[39m=[32m"color: rgb(255, 215, 0); margin-bottom: 20px;"[39m
          [36m>[39m
            [0mБюджеты[0m
          [36m</h2>[39m
          [36m<div[39m
            [33mstyle[39m=[32m"display: grid; grid-template-columns: repeat(auto-fill, minmax(200px, 1fr)); gap: 20px; margin-bottom: 40px;"[39m
          [36m/>[39m
          [36m<div[39m
            [33mstyle[39m=[32m"background-color: rgb(44, 44, 44); padding: 20px; border-radius: 8px;"[39m
          [36m>[39m
            [36m<h3[39m
              [33mstyle[39m=[32m"color: rgb(255, 215, 0); margin-bottom: 15px;"[39m
            [36m>[39m
              [0mДобавить новый бюджет[0m
            [36m</h3>[39m
            [36m<form>[39m
              [36m<input[39m
                [33mname[39m=[32m"amount"[39m
                [33mplaceholder[39m=[32m"Сумма"[39m
                [33mstyle[39m=[32m"width: 100%; padding: 10px; margin-bottom: 10px; background-color: rgb(30, 30, 30); border: 1px solid #ffd700; border-radius: 4px; color: rgb(255, 255, 255);"[39m
                [33mtype[39m=[32m"number"[39m
                [33mvalue[39m=[32m"2000"[39m
              [36m/>[39m
              [36m<input[39m
                [33mname[39m=[32m"start_date"[39m
                [33mstyle[39m=[32m"width: 100%; padding: 10px; margin-bottom: 10px; background-color: rgb(30, 30, 30); border: 1px solid #ffd700; border-radius: 4px; color: rgb(255, 255, 255);"[39m
                [33mtype[39m=[32m"date"[39m
                [33mvalue[39m=[32m""[39m
              [36m/>[39m
              [36m<input[39m
                [33mname[39m=[32m"end_date"[39m
                [33mstyle[39m=[32m"width: 100%; padding: 10px; margin-bottom: 10px; background-color: rgb(30, 30, 30); border: 1px solid #ffd700; border-radius: 4px; color: rgb(255, 255, 255);"[39m
                [33mtype[39m=[32m"date"[39m
                [33mvalue[39m=[32m""[39m
              [36m/>[39m
              [36m<select[39m
                [33mname[39m=[32m"category"[39m
                [33mstyle[39m=[32m"width: 100%; padding: 10px; margin-bottom: 10px; background-color: rgb(30, 30, 30); border: 1px solid #ffd700; border-radius: 4px; color: rgb(255, 255, 255);"[39m
              [36m>[39m
                [36m<option[39m
                  [33mvalue[39m=[32m""[39m
                [36m>[39m
                  [0mВыберите категорию[0m
                [36m</option>[39m
              [36m</select>[39m
              [36m<button[39m
                [33mstyle[39m=[32m"width: 100%; padding: 10px; background-color: rgb(255, 215, 0); color: rgb(30, 30, 30); border-radius: 4px; cursor: pointer; font-weight: bold;"[39m
                [33mtype[39m=[32m"submit"[39m
              [36m>[39m
                [0mДобавить бюджет[0m
              [36m</button>[39m
            [36m</form>[39m
          [36m</div>[39m
        [36m</div>[39m
      [36m</div>[39m
    [36m</body>[39m

      129 |
      130 |     fireEvent.change(screen.getByPlaceholderText(/Сумма/i), { target: { value: '2000' } });
    > 131 |     fireEvent.change(screen.getByLabelText(/Дата начала/i), { target: { value: '2023-02-01' } });
          |                             ^
      132 |     fireEvent.change(screen.getByLabelText(/Дата окончания/i), { target: { value: '2023-04-30' } });
      133 |     fireEvent.change(screen.getByRole('combobox', { name: /Категория/i }), { target: { value: '1' } });
      134 |

      at Object.getElementError (node_modules/@testing-library/dom/dist/config.js:37:19)
      at getAllByLabelText (node_modules/@testing-library/dom/dist/queries/label-text.js:103:38)
      at node_modules/@testing-library/dom/dist/query-helpers.js:52:17
      at getByLabelText (node_modules/@testing-library/dom/dist/query-helpers.js:95:19)
      at Object.<anonymous> (src/components/BudgetList.test.js:131:29)

FAIL src/components/Profile.test.js
  ● Console

    console.error
      Warning: `ReactDOMTestUtils.act` is deprecated in favor of `React.act`. Import `act` from `react` instead of `react-dom/test-utils`. See https://react.dev/warnings/react-dom-test-utils for more info.

      26 |
      27 |   test('renders profile information', async () => {
    > 28 |     render(<Profile />);
         |           ^
      29 |
      30 |     // Проверяем, что данные профиля загружены и отображены
      31 |     await waitFor(() => {

      at printWarning (node_modules/react-dom/cjs/react-dom-test-utils.development.js:71:30)
      at error (node_modules/react-dom/cjs/react-dom-test-utils.development.js:45:7)
      at actWithWarning (node_modules/react-dom/cjs/react-dom-test-utils.development.js:1736:7)
      at node_modules/@testing-library/react/dist/act-compat.js:63:25
      at renderRoot (node_modules/@testing-library/react/dist/pure.js:159:26)
      at render (node_modules/@testing-library/react/dist/pure.js:246:10)
      at Object.<anonymous> (src/components/Profile.test.js:28:11)

    console.error
      Warning: An update to Profile inside a test was not wrapped in act(...).
      
      When testing, code that causes React state updates should be wrapped into act(...):
      
      act(() => {
        /* fire events that update state */
      });
      /* assert on the output */
      
      This ensures that you're testing the behavior the user would see in the browser. Learn more at https://reactjs.org/link/wrap-tests-with-act
          at Profile (/home/end0/CODE/moneyapp/frontend/src/components/Profile.js:5:35)

      15 |       try {
      16 |         const response = await axiosInstance.get('/budget/api/user-profile/');
    > 17 |         setUser(response.data);
         |         ^
      18 |       } catch (error) {
      19 |         console.error('Error fetching user data:', error);
      20 |       }

      at printWarning (node_modules/react-dom/cjs/react-dom.development.js:86:30)
      at error (node_modules/react-dom/cjs/react-dom.development.js:60:7)
      at warnIfUpdatesNotWrappedWithActDEV (node_modules/react-dom/cjs/react-dom.development.js:27628:9)
      at scheduleUpdateOnFiber (node_modules/react-dom/cjs/react-dom.development.js:25547:5)
      at setUser (node_modules/react-dom/cjs/react-dom.development.js:16708:7)
      at fetchUserData (src/components/Profile.js:17:9)

    console.error
      Error fetching user data: Error: Ошибка загрузки профиля
          at Object.<anonymous> (/home/end0/CODE/moneyapp/frontend/src/components/Profile.test.js:86:41)
          at Promise.then.completed (/home/end0/CODE/moneyapp/frontend/node_modules/react-scripts/node_modules/jest-circus/build/utils.js:391:28)
          at new Promise (<anonymous>)
          at callAsyncCircusFn (/home/end0/CODE/moneyapp/frontend/node_modules/react-scripts/node_modules/jest-circus/build/utils.js:316:10)
          at _callCircusTest (/home/end0/CODE/moneyapp/frontend/node_modules/react-scripts/node_modules/jest-circus/build/run.js:218:40)
          at _runTest (/home/end0/CODE/moneyapp/frontend/node_modules/react-scripts/node_modules/jest-circus/build/run.js:155:3)
          at _runTestsForDescribeBlock (/home/end0/CODE/moneyapp/frontend/node_modules/react-scripts/node_modules/jest-circus/build/run.js:66:9)
          at _runTestsForDescribeBlock (/home/end0/CODE/moneyapp/frontend/node_modules/react-scripts/node_modules/jest-circus/build/run.js:60:9)
          at run (/home/end0/CODE/moneyapp/frontend/node_modules/react-scripts/node_modules/jest-circus/build/run.js:25:3)
          at runAndTransformResultsToJestFormat (/home/end0/CODE/moneyapp/frontend/node_modules/react-scripts/node_modules/jest-circus/build/legacy-code-todo-rewrite/jestAdapterInit.js:170:21)
          at jestAdapter (/home/end0/CODE/moneyapp/frontend/node_modules/react-scripts/node_modules/jest-circus/build/legacy-code-todo-rewrite/jestAdapter.js:82:19)
          at runTestInternal (/home/end0/CODE/moneyapp/frontend/node_modules/react-scripts/node_modules/jest-runner/build/runTest.js:389:16)
          at runTest (/home/end0/CODE/moneyapp/frontend/node_modules/react-scripts/node_modules/jest-runner/build/runTest.js:475:34)
          at Object.worker (/home/end0/CODE/moneyapp/frontend/node_modules/react-scripts/node_modules/jest-runner/build/testWorker.js:133:12)

      17 |         setUser(response.data);
      18 |       } catch (error) {
    > 19 |         console.error('Error fetching user data:', error);
         |                 ^
      20 |       }
      21 |     };
      22 |     fetchUserData();

      at fetchUserData (src/components/Profile.js:19:17)

  ● Profile component › renders profile information

    Found multiple elements with the text: /testuser/i

    Here are the matching elements:

    Ignored nodes: comments, script, style
    [36m<p>[39m
      [36m<strong>[39m
        [0mИмя пользователя:[0m
      [36m</strong>[39m
      [0m [0m
      [0mtestuser[0m
    [36m</p>[39m

    Ignored nodes: comments, script, style
    [36m<p>[39m
      [36m<strong>[39m
        [0mEmail:[0m
      [36m</strong>[39m
      [0m [0m
      [0mtestuser@example.com[0m
    [36m</p>[39m

    (If this is intentional, then use the `*AllBy*` variant of the query (like `queryAllByText`, `getAllByText`, or `findAllByText`)).

    Ignored nodes: comments, script, style
    [36m<body>[39m
      [36m<div>[39m
        [36m<div[39m
          [33mstyle[39m=[32m"background-color: rgb(30, 30, 30); color: rgb(255, 255, 255); padding: 20px; border-radius: 8px; max-width: 600px; margin: 0px auto;"[39m
        [36m>[39m
          [36m<h2[39m
            [33mstyle[39m=[32m"color: rgb(255, 215, 0); margin-bottom: 20px;"[39m
          [36m>[39m
            [0mПрофиль пользователя[0m
          [36m</h2>[39m
          [36m<div[39m
            [33mstyle[39m=[32m"background-color: rgb(44, 44, 44); padding: 20px; border-radius: 8px;"[39m
          [36m>[39m
            [36m<p>[39m
              [36m<strong>[39m
                [0mИмя пользователя:[0m
              [36m</strong>[39m
              [0m [0m
              [0mtestuser[0m
            [36m</p>[39m
            [36m<p>[39m
              [36m<strong>[39m
                [0mEmail:[0m
              [36m</strong>[39m
              [0m [0m
              [0mtestuser@example.com[0m
            [36m</p>[39m
            [36m<p>[39m
              [36m<strong>[39m
                [0mИмя:[0m
              [36m</strong>[39m
              [0m [0m
              [0mTest[0m
            [36m</p>[39m
            [36m<p>[39m
              [36m<strong>[39m
                [0mФамилия:[0m
              [36m</strong>[39m
              [0m [0m
              [0mUser[0m
            [36m</p>[39m
            [36m<button[39m
              [33mstyle[39m=[32m"padding: 10px; background-color: rgb(255, 215, 0); color: rgb(30, 30, 30); border-radius: 4px; cursor: pointer; font-weight: bold;"[39m
            [36m>[39m
              [0mРедактировать[0m
            [36m</button>[39m
          [36m</div>[39m
        [36m</div>[39m
      [36m</div>[39m
    [36m</body>[39m

      29 |
      30 |     // Проверяем, что данные профиля загружены и отображены
    > 31 |     await waitFor(() => {
         |                  ^
      32 |       expect(screen.getByText(/Имя пользователя:/i)).toBeInTheDocument();
      33 |       expect(screen.getByText(/testuser/i)).toBeInTheDocument();
      34 |       expect(screen.getByText(/testuser@example.com/i)).toBeInTheDocument();

      at waitForWrapper (node_modules/@testing-library/dom/dist/wait-for.js:166:27)
      at Object.<anonymous> (src/components/Profile.test.js:31:18)

  ● Profile component › enables editing mode and updates profile data

    TestingLibraryElementError: Found multiple elements with the placeholder text of: /Имя/i

    Here are the matching elements:

    Ignored nodes: comments, script, style
    [36m<input[39m
      [33mname[39m=[32m"username"[39m
      [33mplaceholder[39m=[32m"Имя пользователя"[39m
      [33mstyle[39m=[32m"padding: 10px; background-color: rgb(44, 44, 44); border: 1px solid #ffd700; border-radius: 4px; color: rgb(255, 255, 255);"[39m
      [33mtype[39m=[32m"text"[39m
      [33mvalue[39m=[32m""[39m
    [36m/>[39m

    Ignored nodes: comments, script, style
    [36m<input[39m
      [33mname[39m=[32m"first_name"[39m
      [33mplaceholder[39m=[32m"Имя"[39m
      [33mstyle[39m=[32m"padding: 10px; background-color: rgb(44, 44, 44); border: 1px solid #ffd700; border-radius: 4px; color: rgb(255, 255, 255);"[39m
      [33mtype[39m=[32m"text"[39m
      [33mvalue[39m=[32m""[39m
    [36m/>[39m

    (If this is intentional, then use the `*AllBy*` variant of the query (like `queryAllByText`, `getAllByText`, or `findAllByText`)).

    Ignored nodes: comments, script, style
    [36m<body>[39m
      [36m<div>[39m
        [36m<div[39m
          [33mstyle[39m=[32m"background-color: rgb(30, 30, 30); color: rgb(255, 255, 255); padding: 20px; border-radius: 8px; max-width: 600px; margin: 0px auto;"[39m
        [36m>[39m
          [36m<h2[39m
            [33mstyle[39m=[32m"color: rgb(255, 215, 0); margin-bottom: 20px;"[39m
          [36m>[39m
            [0mПрофиль пользователя[0m
          [36m</h2>[39m
          [36m<form[39m
            [33mstyle[39m=[32m"display: flex; flex-direction: column; gap: 10px;"[39m
          [36m>[39m
            [36m<input[39m
              [33mname[39m=[32m"username"[39m
              [33mplaceholder[39m=[32m"Имя пользователя"[39m
              [33mstyle[39m=[32m"padding: 10px; background-color: rgb(44, 44, 44); border: 1px solid #ffd700; border-radius: 4px; color: rgb(255, 255, 255);"[39m
              [33mtype[39m=[32m"text"[39m
              [33mvalue[39m=[32m""[39m
            [36m/>[39m
            [36m<input[39m
              [33mname[39m=[32m"email"[39m
              [33mplaceholder[39m=[32m"Email"[39m
              [33mstyle[39m=[32m"padding: 10px; background-color: rgb(44, 44, 44); border: 1px solid #ffd700; border-radius: 4px; color: rgb(255, 255, 255);"[39m
              [33mtype[39m=[32m"email"[39m
              [33mvalue[39m=[32m""[39m
            [36m/>[39m
            [36m<input[39m
              [33mname[39m=[32m"first_name"[39m
              [33mplaceholder[39m=[32m"Имя"[39m
              [33mstyle[39m=[32m"padding: 10px; background-color: rgb(44, 44, 44); border: 1px solid #ffd700; border-radius: 4px; color: rgb(255, 255, 255);"[39m
              [33mtype[39m=[32m"text"[39m
              [33mvalue[39m=[32m""[39m
            [36m/>[39m
            [36m<input[39m
              [33mname[39m=[32m"last_name"[39m
              [33mplaceholder[39m=[32m"Фамилия"[39m
              [33mstyle[39m=[32m"padding: 10px; background-color: rgb(44, 44, 44); border: 1px solid #ffd700; border-radius: 4px; color: rgb(255, 255, 255);"[39m
              [33mtype[39m=[32m"text"[39m
              [33mvalue[39m=[32m""[39m
            [36m/>[39m
            [36m<button[39m
              [33mstyle[39m=[32m"padding: 10px; background-color: rgb(255, 215, 0); color: rgb(30, 30, 30); border-radius: 4px; cursor: pointer; font-weight: bold;"[39m
              [33mtype[39m=[32m"submit"[39m
            [36m>[39m
              [0mСохранить[0m
            [36m</button>[39m
          [36m</form>[39m
        [36m</div>[39m
      [36m</div>[39m
    [36m</body>[39m

      53 |     expect(screen.getByPlaceholderText(/Имя пользователя/i)).toBeInTheDocument();
      54 |     expect(screen.getByPlaceholderText(/Email/i)).toBeInTheDocument();
    > 55 |     expect(screen.getByPlaceholderText(/Имя/i)).toBeInTheDocument();
         |                   ^
      56 |     expect(screen.getByPlaceholderText(/Фамилия/i)).toBeInTheDocument();
      57 |
      58 |     // Изменяем данные профиля

      at Object.getElementError (node_modules/@testing-library/dom/dist/config.js:37:19)
      at getElementError (node_modules/@testing-library/dom/dist/query-helpers.js:20:35)
      at getMultipleElementsFoundError (node_modules/@testing-library/dom/dist/query-helpers.js:23:10)
      at node_modules/@testing-library/dom/dist/query-helpers.js:55:13
      at getByPlaceholderText (node_modules/@testing-library/dom/dist/query-helpers.js:95:19)
      at Object.<anonymous> (src/components/Profile.test.js:55:19)

  ● Profile component › handles API errors when fetching or updating profile

    expect(received).toHaveBeenCalledWith(...expected)

    Matcher error: received value must be a mock or spy function

    Received has type:  function
    Received has value: [Function error]

    Ignored nodes: comments, script, style
    [36m<html>[39m
      [36m<head />[39m
      [36m<body>[39m
        [36m<div>[39m
          [36m<div[39m
            [33mstyle[39m=[32m"background-color: rgb(30, 30, 30); color: rgb(255, 255, 255); padding: 20px; border-radius: 8px; max-width: 600px; margin: 0px auto;"[39m
          [36m>[39m
            [36m<h2[39m
              [33mstyle[39m=[32m"color: rgb(255, 215, 0); margin-bottom: 20px;"[39m
            [36m>[39m
              [0mПрофиль пользователя[0m
            [36m</h2>[39m
            [36m<div[39m
              [33mstyle[39m=[32m"background-color: rgb(44, 44, 44); padding: 20px; border-radius: 8px;"[39m
            [36m>[39m
              [36m<p>[39m
                [36m<strong>[39m
                  [0mИмя пользователя:[0m
                [36m</strong>[39m
                [0m [0m
              [36m</p>[39m
              [36m<p>[39m
                [36m<strong>[39m
                  [0mEmail:[0m
                [36m</strong>[39m
                [0m [0m
              [36m</p>[39m
              [36m<p>[39m
                [36m<strong>[39m
                  [0mИмя:[0m
                [36m</strong>[39m
                [0m [0m
              [36m</p>[39m
              [36m<p>[39m
                [36m<strong>[39m
                  [0mФамилия:[0m
                [36m</strong>[39m
                [0m [0m
              [36m</p>[39m
              [36m<button[39m
                [33mstyle[39m=[32m"padding: 10px; background-color: rgb(255, 215, 0); color: rgb(30, 30, 30); border-radius: 4px; cursor: pointer; font-weight: bold;"[39m
              [36m>[39m
                [0mРедактировать[0m
              [36m</button>[39m
            [36m</div>[39m
          [36m</div>[39m
        [36m</div>[39m
      [36m</body>[39m
    [36m</html>[39m

      89 |     await waitFor(() => {
      90 |       expect(axiosInstance.get).toHaveBeenCalledWith('/budget/api/user-profile/');
    > 91 |       expect(console.error).toHaveBeenCalledWith('Error fetching user data:', expect.any(Error));
         |                             ^
      92 |     });
      93 |
      94 |     // Мокаем ошибку при обновлении профиля

      at src/components/Profile.test.js:91:29
      at runWithExpensiveErrorDiagnosticsDisabled (node_modules/@testing-library/dom/dist/config.js:47:12)
      at checkCallback (node_modules/@testing-library/dom/dist/wait-for.js:127:77)
      at checkRealTimersCallback (node_modules/@testing-library/dom/dist/wait-for.js:121:16)
      at Timeout.task [as _onTimeout] (node_modules/react-scripts/node_modules/jsdom/lib/jsdom/browser/Window.js:516:19)

FAIL src/components/Settings.test.js
  ● Console

    console.error
      Warning: `ReactDOMTestUtils.act` is deprecated in favor of `React.act`. Import `act` from `react` instead of `react-dom/test-utils`. See https://react.dev/warnings/react-dom-test-utils for more info.

      34 |
      35 |   test('renders settings form and loads data from API', async () => {
    > 36 |     render(<Settings />);
         |           ^
      37 |
      38 |     // Ожидаем, пока настройки загрузятся
      39 |     await waitFor(() => {

      at printWarning (node_modules/react-dom/cjs/react-dom-test-utils.development.js:71:30)
      at error (node_modules/react-dom/cjs/react-dom-test-utils.development.js:45:7)
      at actWithWarning (node_modules/react-dom/cjs/react-dom-test-utils.development.js:1736:7)
      at node_modules/@testing-library/react/dist/act-compat.js:63:25
      at renderRoot (node_modules/@testing-library/react/dist/pure.js:159:26)
      at render (node_modules/@testing-library/react/dist/pure.js:246:10)
      at Object.<anonymous> (src/components/Settings.test.js:36:11)

    console.error
      Error saving settings: Error: Ошибка при сохранении
          at Object.<anonymous> (/home/end0/CODE/moneyapp/frontend/src/components/Settings.test.js:92:45)
          at Promise.then.completed (/home/end0/CODE/moneyapp/frontend/node_modules/react-scripts/node_modules/jest-circus/build/utils.js:391:28)
          at new Promise (<anonymous>)
          at callAsyncCircusFn (/home/end0/CODE/moneyapp/frontend/node_modules/react-scripts/node_modules/jest-circus/build/utils.js:316:10)
          at _callCircusTest (/home/end0/CODE/moneyapp/frontend/node_modules/react-scripts/node_modules/jest-circus/build/run.js:218:40)
          at _runTest (/home/end0/CODE/moneyapp/frontend/node_modules/react-scripts/node_modules/jest-circus/build/run.js:155:3)
          at _runTestsForDescribeBlock (/home/end0/CODE/moneyapp/frontend/node_modules/react-scripts/node_modules/jest-circus/build/run.js:66:9)
          at _runTestsForDescribeBlock (/home/end0/CODE/moneyapp/frontend/node_modules/react-scripts/node_modules/jest-circus/build/run.js:60:9)
          at run (/home/end0/CODE/moneyapp/frontend/node_modules/react-scripts/node_modules/jest-circus/build/run.js:25:3)
          at runAndTransformResultsToJestFormat (/home/end0/CODE/moneyapp/frontend/node_modules/react-scripts/node_modules/jest-circus/build/legacy-code-todo-rewrite/jestAdapterInit.js:170:21)
          at jestAdapter (/home/end0/CODE/moneyapp/frontend/node_modules/react-scripts/node_modules/jest-circus/build/legacy-code-todo-rewrite/jestAdapter.js:82:19)
          at runTestInternal (/home/end0/CODE/moneyapp/frontend/node_modules/react-scripts/node_modules/jest-runner/build/runTest.js:389:16)
          at runTest (/home/end0/CODE/moneyapp/frontend/node_modules/react-scripts/node_modules/jest-runner/build/runTest.js:475:34)
          at Object.worker (/home/end0/CODE/moneyapp/frontend/node_modules/react-scripts/node_modules/jest-runner/build/testWorker.js:133:12)

      44 |       toast.success('Настройки успешно сохранены');
      45 |     } catch (error) {
    > 46 |       console.error('Error saving settings:', error);
         |               ^
      47 |       toast.error('Ошибка при сохранении настроек');
      48 |     }
      49 |   };

      at saveSettings (src/components/Settings.js:46:15)

  ● Settings component › renders settings form and loads data from API

    Unable to find an element with the display value: ru.

    Ignored nodes: comments, script, style
    [36m<body>[39m
      [36m<div>[39m
        [36m<div[39m
          [33mstyle[39m=[32m"background-color: rgb(30, 30, 30); color: rgb(255, 255, 255); padding: 20px; border-radius: 8px; max-width: 600px; margin: 0px auto;"[39m
        [36m>[39m
          [36m<h2[39m
            [33mstyle[39m=[32m"color: rgb(255, 215, 0); margin-bottom: 20px;"[39m
          [36m>[39m
            [0mНастройки[0m
          [36m</h2>[39m
          [36m<div[39m
            [33mstyle[39m=[32m"margin-bottom: 15px;"[39m
          [36m>[39m
            [36m<label>[39m
              [36m<input[39m
                [33mtype[39m=[32m"checkbox"[39m
              [36m/>[39m
              [0mВключить уведомления[0m
            [36m</label>[39m
          [36m</div>[39m
          [36m<div[39m
            [33mstyle[39m=[32m"margin-bottom: 15px;"[39m
          [36m>[39m
            [36m<label>[39m
              [36m<input[39m
                [33mchecked[39m=[32m""[39m
                [33mtype[39m=[32m"checkbox"[39m
              [36m/>[39m
              [0mТемная тема[0m
            [36m</label>[39m
          [36m</div>[39m
          [36m<div[39m
            [33mstyle[39m=[32m"margin-bottom: 15px;"[39m
          [36m>[39m
            [36m<label>[39m
              [0mЯзык:[0m
              [36m<select[39m
                [33mstyle[39m=[32m"margin-left: 10px; padding: 5px; background-color: rgb(44, 44, 44); color: rgb(255, 255, 255); border: 1px solid #ffd700; border-radius: 4px;"[39m
              [36m>[39m
                [36m<option[39m
                  [33mvalue[39m=[32m"ru"[39m
                [36m>[39m
                  [0mРусский[0m
                [36m</option>[39m
                [36m<option[39m
                  [33mvalue[39m=[32m"en"[39m
                [36m>[39m
                  [0mАнглийский[0m
                [36m</option>[39m
              [36m</select>[39m
            [36m</label>[39m
          [36m</div>[39m
          [36m<button[39m
            [33mstyle[39m=[32m"padding: 10px; background-color: rgb(255, 215, 0); color: rgb(30, 30, 30); border-radius: 4px; cursor: pointer; font-weight: bold;"[39m
          [36m>[39m
            [0mСохранить настройки[0m
          [36m</button>[39m
        [36m</div>[39m
      [36m</div>[39m
    [36m</body>[39m

      37 |
      38 |     // Ожидаем, пока настройки загрузятся
    > 39 |     await waitFor(() => {
         |                  ^
      40 |       expect(screen.getByLabelText(/Включить уведомления/i)).toBeChecked();
      41 |       expect(screen.getByLabelText(/Темная тема/i)).not.toBeChecked();
      42 |       expect(screen.getByDisplayValue('ru')).toBeInTheDocument();

      at waitForWrapper (node_modules/@testing-library/dom/dist/wait-for.js:166:27)
      at Object.<anonymous> (src/components/Settings.test.js:39:18)

  ● Settings component › updates localStorage when language is changed

    Unable to find an element with the display value: ru.

    Ignored nodes: comments, script, style
    [36m<body>[39m
      [36m<div>[39m
        [36m<div[39m
          [33mstyle[39m=[32m"background-color: rgb(30, 30, 30); color: rgb(255, 255, 255); padding: 20px; border-radius: 8px; max-width: 600px; margin: 0px auto;"[39m
        [36m>[39m
          [36m<h2[39m
            [33mstyle[39m=[32m"color: rgb(255, 215, 0); margin-bottom: 20px;"[39m
          [36m>[39m
            [0mНастройки[0m
          [36m</h2>[39m
          [36m<div[39m
            [33mstyle[39m=[32m"margin-bottom: 15px;"[39m
          [36m>[39m
            [36m<label>[39m
              [36m<input[39m
                [33mtype[39m=[32m"checkbox"[39m
              [36m/>[39m
              [0mВключить уведомления[0m
            [36m</label>[39m
          [36m</div>[39m
          [36m<div[39m
            [33mstyle[39m=[32m"margin-bottom: 15px;"[39m
          [36m>[39m
            [36m<label>[39m
              [36m<input[39m
                [33mchecked[39m=[32m""[39m
                [33mtype[39m=[32m"checkbox"[39m
              [36m/>[39m
              [0mТемная тема[0m
            [36m</label>[39m
          [36m</div>[39m
          [36m<div[39m
            [33mstyle[39m=[32m"margin-bottom: 15px;"[39m
          [36m>[39m
            [36m<label>[39m
              [0mЯзык:[0m
              [36m<select[39m
                [33mstyle[39m=[32m"margin-left: 10px; padding: 5px; background-color: rgb(44, 44, 44); color: rgb(255, 255, 255); border: 1px solid #ffd700; border-radius: 4px;"[39m
              [36m>[39m
                [36m<option[39m
                  [33mvalue[39m=[32m"ru"[39m
                [36m>[39m
                  [0mРусский[0m
                [36m</option>[39m
                [36m<option[39m
                  [33mvalue[39m=[32m"en"[39m
                [36m>[39m
                  [0mАнглийский[0m
                [36m</option>[39m
              [36m</select>[39m
            [36m</label>[39m
          [36m</div>[39m
          [36m<button[39m
            [33mstyle[39m=[32m"padding: 10px; background-color: rgb(255, 215, 0); color: rgb(30, 30, 30); border-radius: 4px; cursor: pointer; font-weight: bold;"[39m
          [36m>[39m
            [0mСохранить настройки[0m
          [36m</button>[39m
        [36m</div>[39m
      [36m</div>[39m
    [36m</body>[39m

      50 |
      51 |     // Ждём загрузки текущих настроек
    > 52 |     await waitFor(() => {
         |                  ^
      53 |       expect(screen.getByDisplayValue('ru')).toBeInTheDocument();
      54 |     });
      55 |

      at waitForWrapper (node_modules/@testing-library/dom/dist/wait-for.js:166:27)
      at Object.<anonymous> (src/components/Settings.test.js:52:18)

FAIL src/components/Dashboard.test.js
  ● Console

    console.error
      Warning: `ReactDOMTestUtils.act` is deprecated in favor of `React.act`. Import `act` from `react` instead of `react-dom/test-utils`. See https://react.dev/warnings/react-dom-test-utils for more info.

      51 |
      52 |   test('renders Dashboard component and loads data', async () => {
    > 53 |     render(
         |           ^
      54 |       <BrowserRouter>
      55 |         <Dashboard />
      56 |       </BrowserRouter>

      at printWarning (node_modules/react-dom/cjs/react-dom-test-utils.development.js:71:30)
      at error (node_modules/react-dom/cjs/react-dom-test-utils.development.js:45:7)
      at actWithWarning (node_modules/react-dom/cjs/react-dom-test-utils.development.js:1736:7)
      at node_modules/@testing-library/react/dist/act-compat.js:63:25
      at renderRoot (node_modules/@testing-library/react/dist/pure.js:159:26)
      at render (node_modules/@testing-library/react/dist/pure.js:246:10)
      at Object.<anonymous> (src/components/Dashboard.test.js:53:11)

    console.error
      Warning: XAxis: Support for defaultProps will be removed from function components in a future major release. Use JavaScript default parameters instead.
          at XAxis (/home/end0/CODE/moneyapp/frontend/node_modules/recharts/lib/cartesian/XAxis.js:19:22)
          at svg
          at Surface (/home/end0/CODE/moneyapp/frontend/node_modules/recharts/lib/container/Surface.js:19:24)
          at div
          at ChartLayoutContextProvider (/home/end0/CODE/moneyapp/frontend/node_modules/recharts/lib/context/chartLayoutContext.js:34:28)
          at BarChart (/home/end0/CODE/moneyapp/frontend/node_modules/recharts/lib/chart/generateCategoricalChart.js:861:7)
          at div
          at div
          at div
          at Dashboard (/home/end0/CODE/moneyapp/frontend/src/components/Dashboard.js:19:35)
          at Router (/home/end0/CODE/moneyapp/frontend/node_modules/react-router/lib/components.tsx:413:13)
          at BrowserRouter (/home/end0/CODE/moneyapp/frontend/node_modules/react-router-dom/index.tsx:784:3)

      at printWarning (node_modules/react-dom/cjs/react-dom.development.js:86:30)
      at error (node_modules/react-dom/cjs/react-dom.development.js:60:7)
      at validateFunctionComponentInDev (node_modules/react-dom/cjs/react-dom.development.js:20230:9)
      at mountIndeterminateComponent (node_modules/react-dom/cjs/react-dom.development.js:20189:7)
      at beginWork (node_modules/react-dom/cjs/react-dom.development.js:21626:16)
      at beginWork$1 (node_modules/react-dom/cjs/react-dom.development.js:27465:14)
      at performUnitOfWork (node_modules/react-dom/cjs/react-dom.development.js:26599:12)
      at workLoopSync (node_modules/react-dom/cjs/react-dom.development.js:26505:5)
      at renderRootSync (node_modules/react-dom/cjs/react-dom.development.js:26473:7)
      at performConcurrentWorkOnRoot (node_modules/react-dom/cjs/react-dom.development.js:25777:74)
      at workLoop (node_modules/scheduler/cjs/scheduler.development.js:266:34)
      at flushWork (node_modules/scheduler/cjs/scheduler.development.js:239:14)
      at performWorkUntilDeadline (node_modules/scheduler/cjs/scheduler.development.js:533:21)
      at Timeout.task [as _onTimeout] (node_modules/react-scripts/node_modules/jsdom/lib/jsdom/browser/Window.js:516:19)

    console.error
      Warning: YAxis: Support for defaultProps will be removed from function components in a future major release. Use JavaScript default parameters instead.
          at YAxis (/home/end0/CODE/moneyapp/frontend/node_modules/recharts/lib/cartesian/YAxis.js:17:22)
          at svg
          at Surface (/home/end0/CODE/moneyapp/frontend/node_modules/recharts/lib/container/Surface.js:19:24)
          at div
          at ChartLayoutContextProvider (/home/end0/CODE/moneyapp/frontend/node_modules/recharts/lib/context/chartLayoutContext.js:34:28)
          at BarChart (/home/end0/CODE/moneyapp/frontend/node_modules/recharts/lib/chart/generateCategoricalChart.js:861:7)
          at div
          at div
          at div
          at Dashboard (/home/end0/CODE/moneyapp/frontend/src/components/Dashboard.js:19:35)
          at Router (/home/end0/CODE/moneyapp/frontend/node_modules/react-router/lib/components.tsx:413:13)
          at BrowserRouter (/home/end0/CODE/moneyapp/frontend/node_modules/react-router-dom/index.tsx:784:3)

      at printWarning (node_modules/react-dom/cjs/react-dom.development.js:86:30)
      at error (node_modules/react-dom/cjs/react-dom.development.js:60:7)
      at validateFunctionComponentInDev (node_modules/react-dom/cjs/react-dom.development.js:20230:9)
      at mountIndeterminateComponent (node_modules/react-dom/cjs/react-dom.development.js:20189:7)
      at beginWork (node_modules/react-dom/cjs/react-dom.development.js:21626:16)
      at beginWork$1 (node_modules/react-dom/cjs/react-dom.development.js:27465:14)
      at performUnitOfWork (node_modules/react-dom/cjs/react-dom.development.js:26599:12)
      at workLoopSync (node_modules/react-dom/cjs/react-dom.development.js:26505:5)
      at renderRootSync (node_modules/react-dom/cjs/react-dom.development.js:26473:7)
      at performConcurrentWorkOnRoot (node_modules/react-dom/cjs/react-dom.development.js:25777:74)
      at workLoop (node_modules/scheduler/cjs/scheduler.development.js:266:34)
      at flushWork (node_modules/scheduler/cjs/scheduler.development.js:239:14)
      at performWorkUntilDeadline (node_modules/scheduler/cjs/scheduler.development.js:533:21)
      at Timeout.task [as _onTimeout] (node_modules/react-scripts/node_modules/jsdom/lib/jsdom/browser/Window.js:516:19)

    console.error
      Warning: Unsupported style property @media (max-width: 768px). Did you mean @media (maxWidth: 768px)?
          at div
          at div
          at Dashboard (/home/end0/CODE/moneyapp/frontend/src/components/Dashboard.js:19:35)
          at Router (/home/end0/CODE/moneyapp/frontend/node_modules/react-router/lib/components.tsx:413:13)
          at BrowserRouter (/home/end0/CODE/moneyapp/frontend/node_modules/react-router-dom/index.tsx:784:3)

      at printWarning (node_modules/react-dom/cjs/react-dom.development.js:86:30)
      at error (node_modules/react-dom/cjs/react-dom.development.js:60:7)
      at warnHyphenatedStyleName (node_modules/react-dom/cjs/react-dom.development.js:2695:5)
      at warnValidStyle (node_modules/react-dom/cjs/react-dom.development.js:2743:7)
      at setValueForStyles (node_modules/react-dom/cjs/react-dom.development.js:2816:9)
      at setInitialDOMProperties (node_modules/react-dom/cjs/react-dom.development.js:9688:7)
      at setInitialProperties (node_modules/react-dom/cjs/react-dom.development.js:9921:3)
      at finalizeInitialChildren (node_modules/react-dom/cjs/react-dom.development.js:10950:3)
      at completeWork (node_modules/react-dom/cjs/react-dom.development.js:22232:17)
      at completeUnitOfWork (node_modules/react-dom/cjs/react-dom.development.js:26632:16)
      at performUnitOfWork (node_modules/react-dom/cjs/react-dom.development.js:26607:5)
      at workLoopSync (node_modules/react-dom/cjs/react-dom.development.js:26505:5)
      at renderRootSync (node_modules/react-dom/cjs/react-dom.development.js:26473:7)
      at performConcurrentWorkOnRoot (node_modules/react-dom/cjs/react-dom.development.js:25777:74)
      at workLoop (node_modules/scheduler/cjs/scheduler.development.js:266:34)
      at flushWork (node_modules/scheduler/cjs/scheduler.development.js:239:14)
      at performWorkUntilDeadline (node_modules/scheduler/cjs/scheduler.development.js:533:21)
      at Timeout.task [as _onTimeout] (node_modules/react-scripts/node_modules/jsdom/lib/jsdom/browser/Window.js:516:19)

    console.error
      Error adding transaction: { response: { data: { detail: 'Ошибка при добавлении' } } }

      133 |       toast.success('Транзакция успешно добавлена');
      134 |     } catch (error) {
    > 135 |       console.error('Error adding transaction:', error);
          |               ^
      136 |       toast.error('Ошибка при добавлении транзакции: ' + (error.response?.data?.detail || 'Неизвестная ошибка'));
      137 |     }
      138 |   };

      at handleSubmit (src/components/Dashboard.js:135:15)

    console.error
      Fetch error: Error: Network Error
          at Object.<anonymous> (/home/end0/CODE/moneyapp/frontend/src/components/Dashboard.test.js:159:45)
          at Promise.then.completed (/home/end0/CODE/moneyapp/frontend/node_modules/react-scripts/node_modules/jest-circus/build/utils.js:391:28)
          at new Promise (<anonymous>)
          at callAsyncCircusFn (/home/end0/CODE/moneyapp/frontend/node_modules/react-scripts/node_modules/jest-circus/build/utils.js:316:10)
          at _callCircusTest (/home/end0/CODE/moneyapp/frontend/node_modules/react-scripts/node_modules/jest-circus/build/run.js:218:40)
          at _runTest (/home/end0/CODE/moneyapp/frontend/node_modules/react-scripts/node_modules/jest-circus/build/run.js:155:3)
          at _runTestsForDescribeBlock (/home/end0/CODE/moneyapp/frontend/node_modules/react-scripts/node_modules/jest-circus/build/run.js:66:9)
          at _runTestsForDescribeBlock (/home/end0/CODE/moneyapp/frontend/node_modules/react-scripts/node_modules/jest-circus/build/run.js:60:9)
          at run (/home/end0/CODE/moneyapp/frontend/node_modules/react-scripts/node_modules/jest-circus/build/run.js:25:3)
          at runAndTransformResultsToJestFormat (/home/end0/CODE/moneyapp/frontend/node_modules/react-scripts/node_modules/jest-circus/build/legacy-code-todo-rewrite/jestAdapterInit.js:170:21)
          at jestAdapter (/home/end0/CODE/moneyapp/frontend/node_modules/react-scripts/node_modules/jest-circus/build/legacy-code-todo-rewrite/jestAdapter.js:82:19)
          at runTestInternal (/home/end0/CODE/moneyapp/frontend/node_modules/react-scripts/node_modules/jest-runner/build/runTest.js:389:16)
          at runTest (/home/end0/CODE/moneyapp/frontend/node_modules/react-scripts/node_modules/jest-runner/build/runTest.js:475:34)
          at Object.worker (/home/end0/CODE/moneyapp/frontend/node_modules/react-scripts/node_modules/jest-runner/build/testWorker.js:133:12)

      57 |       setData({ ...response.data, recent_transactions: sortedTransactions });
      58 |     } catch (error) {
    > 59 |       console.error('Fetch error:', error);
         |               ^
      60 |       if (error.response && error.response.status === 401) {
      61 |         navigate('/login');
      62 |         return;

      at src/components/Dashboard.js:59:15

  ● Dashboard component › renders Dashboard component and loads data

    TestingLibraryElementError: Unable to find an element with the text: ₽1,000.00. This could be because the text is broken up by multiple elements. In this case, you can provide a function for your text matcher to make your matcher more flexible.

    Ignored nodes: comments, script, style
    [36m<body>[39m
      [36m<div>[39m
        [36m<div[39m
          [33mstyle[39m=[32m"color: rgb(255, 215, 0); margin: 0px auto; transition: all 0.3s ease; font-family: Arial, sans-serif; width: 100%; padding: 20px; background-color: rgb(28, 28, 28);"[39m
        [36m>[39m
          [36m<div[39m
            [33mstyle[39m=[32m"display: flex; justify-content: space-between; align-items: center; margin-bottom: 20px;"[39m
          [36m>[39m
            [36m<h1[39m
              [33mstyle[39m=[32m"text-align: center; color: rgb(255, 215, 0); transition: all 0.3s ease;"[39m
            [36m>[39m
              [0mФинансовый Дашборд[0m
            [36m</h1>[39m
            [36m<button[39m
              [33mstyle[39m=[32m"padding: 10px 20px; background-color: rgb(244, 67, 54); color: white; border-radius: 4px; cursor: pointer; font-size: 16px; transition: background-color 0.3s ease; margin-left: auto; margin-right: 10px;"[39m
            [36m>[39m
              [0mВыйти[0m
            [36m</button>[39m
          [36m</div>[39m
          [36m<div[39m
            [33mstyle[39m=[32m"display: grid; grid-template-columns: 1fr 2fr 1fr; gap: 20px; width: 100%; height: auto; transition: all 0.3s ease;"[39m
          [36m>[39m
            [36m<div[39m
              [33mstyle[39m=[32m"background-color: rgb(44, 44, 44); padding: 20px; border-radius: 8px; box-shadow: 0 2px 4px rgba(255,215,0,0.1); transition: all 0.3s ease; display: flex; flex-direction: column; justify-content: flex-start; align-items: center; text-align: center; height: 100%;"[39m
            [36m>[39m
              [36m<h2[39m
                [33mstyle[39m=[32m"color: rgb(255, 215, 0); margin-bottom: 15px; transition: all 0.3s ease; margin-left: -10px;"[39m
              [36m>[39m
                [0mДоходы и Расходы[0m
              [36m</h2>[39m
              [36m<div[39m
                [33mclass[39m=[32m"recharts-wrapper"[39m
                [33mstyle[39m=[32m"position: relative; cursor: default; width: 400px; height: 300px;"[39m
              [36m>[39m
                [36m<svg[39m
                  [33mclass[39m=[32m"recharts-surface"[39m
                  [33mheight[39m=[32m"300"[39m
                  [33mstyle[39m=[32m"width: 100%; height: 100%;"[39m
                  [33mviewBox[39m=[32m"0 0 400 300"[39m
                  [33mwidth[39m=[32m"400"[39m
                [36m>[39m
                  [36m<title />[39m
                  [36m<desc />[39m
                  [36m<defs>[39m
                    [36m<clippath[39m
                      [33mid[39m=[32m"recharts1-clip"[39m
                    [36m>[39m
                      [36m<rect[39m
                        [33mheight[39m=[32m"260"[39m
                        [33mwidth[39m=[32m"330"[39m
                        [33mx[39m=[32m"65"[39m
                        [33my[39m=[32m"5"[39m
                      [36m/>[39m
                    [36m</clippath>[39m
                  [36m</defs>[39m
                  [36m<g[39m
                    [33mclass[39m=[32m"recharts-cartesian-grid"[39m
                  [36m>[39m
                    [36m<g[39m
                      [33mclass[39m=[32m"recharts-cartesian-grid-horizontal"[39m
                    [36m>[39m
                      [36m<line[39m
                        [33mfill[39m=[32m"none"[39m
                        [33mheight[39m=[32m"260"[39m
                        [33mstroke[39m=[32m"#ccc"[39m
                        [33mstroke-dasharray[39m=[32m"3 3"[39m
                        [33mwidth[39m=[32m"330"[39m
                        [33mx[39m=[32m"65"[39m
                        [33mx1[39m=[32m"65"[39m
                        [33mx2[39m=[32m"395"[39m
                        [33my[39m=[32m"5"[39m
                        [33my1[39m=[32m"265"[39m
                        [33my2[39m=[32m"265"[39m
                      [36m/>[39m
                      [36m<line[39m
                        [33mfill[39m=[32m"none"[39m
                        [33mheight[39m=[32m"260"[39m
                        [33mstroke[39m=[32m"#ccc"[39m
                        [33mstroke-dasharray[39m=[32m"3 3"[39m
                        [33mwidth[39m=[32m"330"[39m
                        [33mx[39m=[32m"65"[39m
                        [33mx1[39m=[32m"65"[39m
                        [33mx2[39m=[32m"395"[39m
                        [33my[39m=[32m"5"[39m
                        [33my1[39m=[32m"200"[39m
                        [33my2[39m=[32m"200"[39m
                      [36m/>[39m
                      [36m<line[39m
                        [33mfill[39m=[32m"none"[39m
                        [33mheight[39m=[32m"260"[39m
                        [33mstroke[39m=[32m"#ccc"[39m
                        [33mstroke-dasharray[39m=[32m"3 3"[39m
                        [33mwidth[39m=[32m"330"[39m
                        [33mx[39m=[32m"65"[39m
                        [33mx1[39m=[32m"65"[39m
                        [33mx2[39m=[32m"395"[39m
                        [33my[39m=[32m"5"[39m
                        [33my1[39m=[32m"135"[39m
                        [33my2[39m=[32m"135"[39m
                      [36m/>[39m
                      [36m<line[39m
                        [33mfill[39m=[32m"none"[39m
                        [33mheight[39m=[32m"260"[39m
                        [33mstroke[39m=[32m"#ccc"[39m
                        [33mstroke-dasharray[39m=[32m"3 3"[39m
                        [33mwidth[39m=[32m"330"[39m
                        [33mx[39m=[32m"65"[39m
                        [33mx1[39m=[32m"65"[39m
                        [33mx2[39m=[32m"395"[39m
                        [33my[39m=[32m"5"[39m
                        [33my1[39m=[32m"70"[39m
                        [33my2[39m=[32m"70"[39m
                      [36m/>[39m
                      [36m<line[39m
                        [33mfill[39m=[32m"none"[39m
                        [33mheight[39m=[32m"260"[39m
                        [33mstroke[39m=[32m"#ccc"[39m
                        [33mstroke-dasharray[39m=[32m"3 3"[39m
                        [33mwidth[39m=[32m"330"[39m
                        [33mx[39m=[32m"65"[39m
                        [33mx1[39m=[32m"65"[39m
                        [33mx2[39m=[32m"395"[39m
                        [33my[39m=[32m"5"[39m
                        [33my1[39m=[32m"5"[39m
                        [33my2[39m=[32m"5"[39m
                      [36m/>[39m
                    [36m</g>[39m
                    [36m<g[39m
                      [33mclass[39m=[32m"recharts-cartesian-grid-vertical"[39m
                    [36m>[39m
                      [36m<line[39m
                        [33mfill[39m=[32m"none"[39m
                        [33mheight[39m=[32m"260"[39m
                        [33mstroke[39m=[32m"#ccc"[39m
                        [33mstroke-dasharray[39m=[32m"3 3"[39m
                        [33mwidth[39m=[32m"330"[39m
                        [33mx[39m=[32m"65"[39m
                        [33mx1[39m=[32m"147.5"[39m
                        [33mx2[39m=[32m"147.5"[39m
                        [33my[39m=[32m"5"[39m
                        [33my1[39m=[32m"5"[39m
                       ...

      64 |
      65 |     expect(screen.getByText(/Баланс/i)).toBeInTheDocument();
    > 66 |     expect(screen.getByText('₽1,000.00')).toBeInTheDocument();
         |                   ^
      67 |     expect(screen.getByText(/Доходы/i)).toBeInTheDocument();
      68 |     expect(screen.getByText('₽2,000.00')).toBeInTheDocument();
      69 |     expect(screen.getByText(/Расходы/i)).toBeInTheDocument();

      at Object.getElementError (node_modules/@testing-library/dom/dist/config.js:37:19)
      at node_modules/@testing-library/dom/dist/query-helpers.js:76:38
      at node_modules/@testing-library/dom/dist/query-helpers.js:52:17
      at getByText (node_modules/@testing-library/dom/dist/query-helpers.js:95:19)
      at Object.<anonymous> (src/components/Dashboard.test.js:66:19)

  ● Dashboard component › submits new transaction

    expect(jest.fn()).toHaveBeenCalledWith(...expected)

    - Expected
    + Received

      "/budget/api/transactions/",
      Object {
        "amount": -500,
    +   "category": "1",
        "category_id": "1",
    -   "date": Any<String>,
    +   "date": "2024-09-10",
        "description": "Test Transaction",
      },

    Number of calls: 1

    Ignored nodes: comments, script, style
    [36m<html>[39m
      [36m<head />[39m
      [36m<body>[39m
        [36m<span[39m
          [33maria-hidden[39m=[32m"true"[39m
          [33mid[39m=[32m"recharts_measurement_span"[39m
          [33mstyle[39m=[32m"position: absolute; top: -20000px; left: 0px; padding: 0px; margin: 0px; white-space: pre;"[39m
        [36m>[39m
          [0m2000[0m
        [36m</span>[39m
        [36m<div>[39m
          [36m<div[39m
            [33mstyle[39m=[32m"color: rgb(255, 215, 0); margin: 0px auto; transition: all 0.3s ease; font-family: Arial, sans-serif; width: 100%; padding: 20px; background-color: rgb(28, 28, 28);"[39m
          [36m>[39m
            [36m<div[39m
              [33mstyle[39m=[32m"display: flex; justify-content: space-between; align-items: center; margin-bottom: 20px;"[39m
            [36m>[39m
              [36m<h1[39m
                [33mstyle[39m=[32m"text-align: center; color: rgb(255, 215, 0); transition: all 0.3s ease;"[39m
              [36m>[39m
                [0mФинансовый Дашборд[0m
              [36m</h1>[39m
              [36m<button[39m
                [33mstyle[39m=[32m"padding: 10px 20px; background-color: rgb(244, 67, 54); color: white; border-radius: 4px; cursor: pointer; font-size: 16px; transition: background-color 0.3s ease; margin-left: auto; margin-right: 10px;"[39m
              [36m>[39m
                [0mВыйти[0m
              [36m</button>[39m
            [36m</div>[39m
            [36m<div[39m
              [33mstyle[39m=[32m"display: grid; grid-template-columns: 1fr 2fr 1fr; gap: 20px; width: 100%; height: auto; transition: all 0.3s ease;"[39m
            [36m>[39m
              [36m<div[39m
                [33mstyle[39m=[32m"background-color: rgb(44, 44, 44); padding: 20px; border-radius: 8px; box-shadow: 0 2px 4px rgba(255,215,0,0.1); transition: all 0.3s ease; display: flex; flex-direction: column; justify-content: flex-start; align-items: center; text-align: center; height: 100%;"[39m
              [36m>[39m
                [36m<h2[39m
                  [33mstyle[39m=[32m"color: rgb(255, 215, 0); margin-bottom: 15px; transition: all 0.3s ease; margin-left: -10px;"[39m
                [36m>[39m
                  [0mДоходы и Расходы[0m
                [36m</h2>[39m
                [36m<div[39m
                  [33mclass[39m=[32m"recharts-wrapper"[39m
                  [33mstyle[39m=[32m"position: relative; cursor: default; width: 400px; height: 300px;"[39m
                [36m>[39m
                  [36m<svg[39m
                    [33mclass[39m=[32m"recharts-surface"[39m
                    [33mheight[39m=[32m"300"[39m
                    [33mstyle[39m=[32m"width: 100%; height: 100%;"[39m
                    [33mviewBox[39m=[32m"0 0 400 300"[39m
                    [33mwidth[39m=[32m"400"[39m
                  [36m>[39m
                    [36m<title />[39m
                    [36m<desc />[39m
                    [36m<defs>[39m
                      [36m<clippath[39m
                        [33mid[39m=[32m"recharts19-clip"[39m
                      [36m>[39m
                        [36m<rect[39m
                          [33mheight[39m=[32m"260"[39m
                          [33mwidth[39m=[32m"330"[39m
                          [33mx[39m=[32m"65"[39m
                          [33my[39m=[32m"5"[39m
                        [36m/>[39m
                      [36m</clippath>[39m
                    [36m</defs>[39m
                    [36m<g[39m
                      [33mclass[39m=[32m"recharts-cartesian-grid"[39m
                    [36m>[39m
                      [36m<g[39m
                        [33mclass[39m=[32m"recharts-cartesian-grid-horizontal"[39m
                      [36m>[39m
                        [36m<line[39m
                          [33mfill[39m=[32m"none"[39m
                          [33mheight[39m=[32m"260"[39m
                          [33mstroke[39m=[32m"#ccc"[39m
                          [33mstroke-dasharray[39m=[32m"3 3"[39m
                          [33mwidth[39m=[32m"330"[39m
                          [33mx[39m=[32m"65"[39m
                          [33mx1[39m=[32m"65"[39m
                          [33mx2[39m=[32m"395"[39m
                          [33my[39m=[32m"5"[39m
                          [33my1[39m=[32m"265"[39m
                          [33my2[39m=[32m"265"[39m
                        [36m/>[39m
                        [36m<line[39m
                          [33mfill[39m=[32m"none"[39m
                          [33mheight[39m=[32m"260"[39m
                          [33mstroke[39m=[32m"#ccc"[39m
                          [33mstroke-dasharray[39m=[32m"3 3"[39m
                          [33mwidth[39m=[32m"330"[39m
                          [33mx[39m=[32m"65"[39m
                          [33mx1[39m=[32m"65"[39m
                          [33mx2[39m=[32m"395"[39m
                          [33my[39m=[32m"5"[39m
                          [33my1[39m=[32m"200"[39m
                          [33my2[39m=[32m"200"[39m
                        [36m/>[39m
                        [36m<line[39m
                          [33mfill[39m=[32m"none"[39m
                          [33mheight[39m=[32m"260"[39m
                          [33mstroke[39m=[32m"#ccc"[39m
                          [33mstroke-dasharray[39m=[32m"3 3"[39m
                          [33mwidth[39m=[32m"330"[39m
                          [33mx[39m=[32m"65"[39m
                          [33mx1[39m=[32m"65"[39m
                          [33mx2[39m=[32m"395"[39m
                          [33my[39m=[32m"5"[39m
                          [33my1[39m=[32m"135"[39m
                          [33my2[39m=[32m"135"[39m
                        [36m/>[39m
                        [36m<line[39m
                          [33mfill[39m=[32m"none"[39m
                          [33mheight[39m=[32m"260"[39m
                          [33mstroke[39m=[32m"#ccc"[39m
                          [33mstroke-dasharray[39m=[32m"3 3"[39m
                          [33mwidth[39m=[32m"330"[39m
                          [33mx[39m=[32m"65"[39m
                          [33mx1[39m=[32m"65"[39m
                          [33mx2[39m=[32m"395"[39m
                          [33my[39m=[32m"5"[39m
                          [33my1[39m=[32m"70"[39m
                          [33my2[39m=[32m"70"[39m
                        [36m/>[39m
                        [36m<line[39m
                          [33mfill[39m=[32m"none"[39m
                          [33mheight[39m=[32m"260"[39m
                          [33mstroke[39m=[32m"#ccc"[39m
                          [33mstroke-dasharray[39m=[32m"3 3"[39m
                          [33mwidth[39m=[32m"330"[39m
                          [33mx[39m=[32m"65"[39m
                          [33mx1[39m=[32m"65"[39m
                          [33mx2[39m=[32m"395"[39m
                          [33my[39m=[32m"5"[39m
                          [33my1[39m=[32m"5"[39m
                          [33my2[39m=[32m"5"[39m
                        [36m/>[39m
                      [36m</g>[39m
                      [36m<g[39m
                        [33mclass[39m=[32m"recharts-cartesian-grid-vertical"[...

      119 |
      120 |     await waitFor(() => {
    > 121 |       expect(axiosInstance.post).toHaveBeenCalledWith('/budget/api/transactions/', {
          |                                  ^
      122 |         description: 'Test Transaction',
      123 |         amount: -500, // так как это расход
      124 |         category_id: '1',

      at src/components/Dashboard.test.js:121:34
      at runWithExpensiveErrorDiagnosticsDisabled (node_modules/@testing-library/dom/dist/config.js:47:12)
      at checkCallback (node_modules/@testing-library/dom/dist/wait-for.js:127:77)
      at checkRealTimersCallback (node_modules/@testing-library/dom/dist/wait-for.js:121:16)
      at Timeout.task [as _onTimeout] (node_modules/react-scripts/node_modules/jsdom/lib/jsdom/browser/Window.js:516:19)

  ● Dashboard component › renders error and retry button when fetching data fails

    Found multiple elements with the text: /Ошибка при загрузке данных/i

    Here are the matching elements:

    Ignored nodes: comments, script, style
    [36m<h2>[39m
      [0mОшибка при загрузке данных[0m
    [36m</h2>[39m

    Ignored nodes: comments, script, style
    [36m<p>[39m
      [0mПроизошла ошибка при загрузке данных[0m
    [36m</p>[39m

    (If this is intentional, then use the `*AllBy*` variant of the query (like `queryAllByText`, `getAllByText`, or `findAllByText`)).

    Ignored nodes: comments, script, style
    [36m<body>[39m
      [36m<span[39m
        [33maria-hidden[39m=[32m"true"[39m
        [33mid[39m=[32m"recharts_measurement_span"[39m
        [33mstyle[39m=[32m"position: absolute; top: -20000px; left: 0px; padding: 0px; margin: 0px; white-space: pre;"[39m
      [36m>[39m
        [0m2000[0m
      [36m</span>[39m
      [36m<div>[39m
        [36m<div[39m
          [33mstyle[39m=[32m"text-align: center; color: rgb(244, 67, 54); margin: 20px 0px; transition: all 0.3s ease;"[39m
        [36m>[39m
          [36m<h2>[39m
            [0mОшибка при загрузке данных[0m
          [36m</h2>[39m
          [36m<p>[39m
            [0mПроизошла ошибка при загрузке данных[0m
          [36m</p>[39m
          [36m<button[39m
            [33mstyle[39m=[32m"padding: 10px 20px; font-size: 16px; background-color: rgb(255, 215, 0); color: rgb(28, 28, 28); border-radius: 4px; cursor: pointer; margin-top: 10px; transition: all 0.3s ease;"[39m
          [36m>[39m
            [0mПопробовать снова[0m
          [36m</button>[39m
        [36m</div>[39m
      [36m</div>[39m
    [36m</body>[39m

      165 |     );
      166 |
    > 167 |     await waitFor(() => {
          |                  ^
      168 |       expect(screen.getByText(/Ошибка при загрузке данных/i)).toBeInTheDocument();
      169 |       expect(screen.getByText(/Попробовать снова/i)).toBeInTheDocument();
      170 |     });

      at waitForWrapper (node_modules/@testing-library/dom/dist/wait-for.js:166:27)
      at Object.<anonymous> (src/components/Dashboard.test.js:167:18)

Test Suites: 8 failed, 2 passed, 10 total
Tests:       21 failed, 12 passed, 33 total
Snapshots:   0 total
Time:        3.907 s, estimated 4 s
Ran all test suites related to changed files.


[1B[J